// Jest Snapshot v1, https://goo.gl/fbAQLP

exports[`should match snapshot 1`] = `
<div
  className="ActionItem"
>
  <div
    className="header"
  >
    <div
      className="type"
    >
      ActionItem type
    </div>
    <div
      className="buttons"
    >
      <ForwardRef(Button)
        icon={true}
      >
        <Icon
          size="15"
          type="close-small"
        />
      </ForwardRef(Button)>
    </div>
  </div>
  <div
    className="content"
  />
</div>
`;
