// Jest Snapshot v1, https://goo.gl/fbAQLP

exports[`should match snapshot 1`] = `
<MultiValueInput
  disabled={false}
  extraSeperators={
    Array [
      ",",
      ";",
      " ",
    ]
  }
  onAdd={[Function]}
  onClear={[Function]}
  onPaste={[Function]}
  onRemove={[Function]}
  values={
    Array [
      Object {
        "invalid": false,
        "value": "email1@hotmail.com",
      },
      Object {
        "invalid": false,
        "value": "email2@gmail.com",
      },
    ]
  }
/>
`;
