// Jest Snapshot v1, https://goo.gl/fbAQLP

exports[`StatusItems should match snapshots 1`] = `
<Themed(styled.ul)>
  <Item
    key=".0"
    type="UPDATE_JOB_RETRIES"
  />
</Themed(styled.ul)>
`;

exports[`StatusItems should match snapshots 2`] = `
<Themed(styled.li)
  type="UPDATE_JOB_RETRIES"
>
  <Themed(Styled(ReactComponent)) />
</Themed(styled.li)>
`;
