// Jest Snapshot v1, https://goo.gl/fbAQLP

exports[`should apply the alert property to the state when changing props 1`] = `
Object {
  "checkInterval": Object {
    "unit": "hours",
    "value": "1",
  },
  "emails": Array [
    "test@camunda.com",
    "test@camunda.com",
  ],
  "fixNotification": true,
  "id": "71395",
  "invalid": false,
  "name": "Sample Alert",
  "reminder": null,
  "report": Object {
    "data": Object {
      "view": Object {
        "entity": "process instance",
        "properties": Array [
          "duration",
        ],
      },
    },
    "id": "6",
    "result": Object {
      "data": 123,
    },
  },
  "reportId": "8",
  "threshold": "37",
  "thresholdOperator": "<",
  "validEmails": true,
}
`;
