// Jest Snapshot v1, https://goo.gl/fbAQLP

exports[`Header should contain links to dashboard and instances page 1`] = `
<Themed(styled.header)>
  <styled.ul
    role="navigation"
  >
    <li>
      <Themed(Styled(withStrippedProps(Link)))
        isActive={false}
        title="View Dashboard"
        to="/"
      >
        <Styled(Logo) />
        <span>
          Dashboard
        </span>
      </Themed(Styled(withStrippedProps(Link)))>
    </li>
    <li
      data-test="header-link-instances"
    >
      <Themed(Styled(withStrippedProps(Link)))
        isActive={false}
        onClick={[Function]}
        title="View 0 Running Instances"
        to="/instances?filter=%7B%22active%22%3Atrue%2C%22incidents%22%3Atrue%7D"
      >
        <span>
          Running Instances
        </span>
        <Themed(Styled(Styled(Badge)))>
          0
        </Themed(Styled(Styled(Badge)))>
      </Themed(Styled(withStrippedProps(Link)))>
    </li>
    <li
      data-test="header-link-filters"
    >
      <Themed(Styled(withStrippedProps(Link)))
        isActive={true}
        onClick={[Function]}
        title="View 0 Instances in Filters"
        to="/instances?filter=%7B%7D"
      >
        <span>
          Filters
        </span>
        <Styled(Styled(Badge))
          type="filters"
        >
          0
        </Styled(Styled(Badge))>
      </Themed(Styled(withStrippedProps(Link)))>
    </li>
    <li
      data-test="header-link-incidents"
    >
      <Themed(Styled(withStrippedProps(Link)))
        isActive={false}
        onClick={[Function]}
        title="View 0 Incidents"
        to="/instances?filter=%7B%22incidents%22%3Atrue%7D"
      >
        <span>
          Incidents
        </span>
        <Styled(Styled(Badge))
          type="incidents"
        >
          0
        </Styled(Styled(Badge))>
      </Themed(Styled(withStrippedProps(Link)))>
    </li>
    <li
      data-test="header-link-selections"
    >
      <Themed(Styled(withStrippedProps(Link)))
        isActive={true}
        onClick={[Function]}
        title="View 0 0 Selections"
        to="/instances?filter=%7B%22active%22%3Atrue%2C%22incidents%22%3Atrue%7D"
      >
        <span>
          Selections
        </span>
        <ComboBadge>
          <Themed(Styled(Left))>
            0
          </Themed(Styled(Left))>
          <Styled(Right)>
            0
          </Styled(Right)>
        </ComboBadge>
      </Themed(Styled(withStrippedProps(Link)))>
    </li>
  </styled.ul>
  <Themed(styled.span) />
  <styled.span>
    <Dropdown
      label="undefined undefined"
      placement="bottom"
    >
      <Option
        data-test="logout-button"
        label="Logout"
        onClick={[Function]}
      />
    </Dropdown>
  </styled.span>
</Themed(styled.header)>
`;
