// Jest Snapshot v1, https://goo.gl/fbAQLP

exports[`Header should contain links to dashboard and instances page 1`] = `
<Themed(styled.header)>
  <styled.ul
    role="navigation"
  >
    <li>
      <Themed(styled.div)
        active={true}
      >
        <Link
          replace={false}
          to="/"
        >
          <Styled(Logo) />
          <span>
            Dashboard
          </span>
        </Link>
      </Themed(styled.div)>
    </li>
    <li>
      <Themed(styled.span)
        active={false}
      >
        <Link
          replace={false}
          title="0 Instances"
          to="/instances"
        >
          <span>
            Instances
          </span>
          <Styled(Badge)
            type="instances"
          >
            0
          </Styled(Badge)>
        </Link>
      </Themed(styled.span)>
    </li>
    <li>
      <Themed(styled.span)
        active={false}
      >
        <Link
          replace={false}
          title="0 Filters"
          to="/instances"
        >
          <span>
            Filters
          </span>
          <Styled(Badge)
            type="filters"
          >
            0
          </Styled(Badge)>
        </Link>
      </Themed(styled.span)>
    </li>
    <li>
      <Themed(styled.span)
        active={false}
      >
        <Link
          replace={false}
          title="0 Selections"
          to="/instances"
        >
          <span>
            Selections
          </span>
          <Styled(Badge)
            type="selections"
          >
            0
          </Styled(Badge)>
        </Link>
      </Themed(styled.span)>
    </li>
    <li>
      <Themed(styled.span)
        active={false}
      >
        <Link
          replace={false}
          title="0 Incidents"
          to="/instances"
        >
          <span>
            Incidents
          </span>
          <Styled(Badge)
            type="incidents"
          >
            0
          </Styled(Badge)>
        </Link>
      </Themed(styled.span)>
    </li>
  </styled.ul>
  <Themed(styled.span) />
  <styled.span>
    <Dropdown
      label="undefined undefined"
    >
      <DropdownOption
        data-test="logout-button"
        onClick={[Function]}
      >
        Logout
      </DropdownOption>
    </Dropdown>
  </styled.span>
</Themed(styled.header)>
`;
