// Jest Snapshot v1, https://goo.gl/fbAQLP

exports[`should construct rawdata report with the target value as a filter 1`] = `
Object {
  "filter": Array [
    Object {
      "type": "test",
    },
    Object {
      "data": Object {
        "flowNodeA": Object {
          "operator": ">",
          "unit": "days",
          "value": 1234,
        },
      },
      "filterLevel": "instance",
      "type": "flowNodeDuration",
    },
  ],
  "includedColumns": Array [
    "processInstanceId",
  ],
  "processDefinitionKey": "1",
  "processDefinitionVersions": Array [
    "1",
  ],
  "tenantIds": Array [
    "tenantA",
  ],
}
`;
