// Jest Snapshot v1, https://goo.gl/fbAQLP

exports[`ListView display instances List should display a special message when filter has no state 1`] = `
<EmptyMessage
  data-test="empty-message-instances-list"
  message="There are no instances matching this filter set.
 To see some results, select at least one instance state."
/>
`;

exports[`ListView display instances List should not contain a List when the list is empty 1`] = `
<EmptyMessage
  data-test="empty-message-instances-list"
  message="There are no instances matching this filter set.
 To see some results, select at least one instance state."
/>
`;
