// Jest Snapshot v1, https://goo.gl/fbAQLP

exports[`InstancesContainer mounting should fetch statistics 1`] = `
Object {
  "active": true,
  "canceled": true,
  "completed": true,
  "endDateAfter": "2018-12-28T00:00:00.000+0100",
  "endDateBefore": "2018-12-29T01:00:00.000+0100",
  "errorMessage": "No data found for query $.foo.",
  "finished": true,
  "ids": Array [
    "424242",
    "434343",
  ],
  "incidents": true,
  "running": true,
  "startDateAfter": "2018-12-28T00:00:00.000+0100",
  "startDateBefore": "2018-12-29T01:00:00.000+0100",
  "workflowIds": Array [
    "1",
  ],
}
`;
