// Jest Snapshot v1, https://goo.gl/fbAQLP

exports[`Selections should match this snapshot 1`] = `
<styled.div>
  <CollapsablePanelConsumer>
    <Component />
  </CollapsablePanelConsumer>
</styled.div>
`;

exports[`Selections should render a CollapsablePanel 1`] = `
<Styled(CollapsablePanel)
  collapseButton={
    <ForwardRef
      direction="RIGHT"
      isExpanded={true}
      title="Collapse Selections"
    />
  }
  expandButton={
    <ForwardRef
      label="Selections"
    >
      <Badge
        isActive={true}
        position={0}
        type="SELECTIONS"
      >
        2
      </Badge>
    </ForwardRef>
  }
  maxWidth={479}
  onCollapse={[MockFunction]}
>
  <Styled(PanelHeader)>
    <span>
      Selections
    </span>
    <ComboBadge
      isActive={true}
      type="SELECTIONS"
    >
      <Left>
        2
      </Left>
      <Right>
        6
      </Right>
    </ComboBadge>
  </Styled(PanelHeader)>
  <PanelBody>
    <SelectionList
      onCancelSelection={[Function]}
      onDeleteSelection={[Function]}
      onRetrySelection={[Function]}
      onToggleSelection={[Function]}
      openSelection={null}
      selections={
        Array [
          Object {
            "instancesMap": Map {
              "id_0" => Object {
                "activities": Array [
                  Object {
                    "activityId": "activityId_0",
                    "endDate": "2018-10-10T09:20:38.658Z",
                    "id": "id_1",
                    "startDate": "2018-10-10T09:20:38.658Z",
                    "state": "ACTIVE",
                  },
                ],
                "bpmnProcessId": "someKey",
                "endDate": null,
                "id": "id_0",
                "incidents": Array [
                  Object {
                    "activityId": Object {},
                    "activityInstanceId": Object {},
                    "errorMessage": "",
                    "errorType": "",
                    "id": "id_3",
                    "jobId": "jobId_0",
                    "state": "ACTIVE",
                  },
                ],
                "operations": Array [
                  Object {
                    "endDate": "2018-10-10T09:20:38.661Z",
                    "errorMessage": "string",
                    "startDate": "2018-10-10T09:20:38.661Z",
                    "state": "SCHEDULED",
                    "type": "UPDATE_RETRIES",
                  },
                ],
                "sequenceFlows": Array [],
                "startDate": "2018-06-21",
                "state": "ACTIVE",
                "workflowId": "2",
                "workflowName": "someWorkflowName",
                "workflowVersion": 1,
              },
            },
            "queries": Array [
              Object {
                "active": true,
                "activityId": "string",
                "canceled": true,
                "completed": true,
                "endDateAfter": "2018-11-13T14:55:58.463Z",
                "endDateBefore": "2018-11-13T14:55:58.464Z",
                "errorMessage": "string",
                "excludeIds": Array [],
                "finished": true,
                "ids": Array [],
                "incidents": true,
                "running": true,
                "startDateAfter": "2018-11-13T14:55:58.464Z",
                "startDateBefore": "2018-11-13T14:55:58.464Z",
                "variablesQuery": Object {
                  "name": "string",
                  "value": Object {},
                },
                "workflowIds": Array [],
              },
            ],
            "selectionId": 2,
            "totalCount": 3,
          },
          Object {
            "instancesMap": Map {
              "id_4" => Object {
                "activities": Array [
                  Object {
                    "activityId": "activityId_1",
                    "endDate": "2018-10-10T09:20:38.658Z",
                    "id": "id_5",
                    "startDate": "2018-10-10T09:20:38.658Z",
                    "state": "ACTIVE",
                  },
                ],
                "bpmnProcessId": "someKey",
                "endDate": null,
                "id": "id_4",
                "incidents": Array [
                  Object {
                    "activityId": Object {},
                    "activityInstanceId": Object {},
                    "errorMessage": "",
                    "errorType": "",
                    "id": "id_7",
                    "jobId": "jobId_1",
                    "state": "ACTIVE",
                  },
                ],
                "operations": Array [
                  Object {
                    "endDate": "2018-10-10T09:20:38.661Z",
                    "errorMessage": "string",
                    "startDate": "2018-10-10T09:20:38.661Z",
                    "state": "SCHEDULED",
                    "type": "UPDATE_RETRIES",
                  },
                ],
                "sequenceFlows": Array [],
                "startDate": "2018-06-21",
                "state": "ACTIVE",
                "workflowId": "2",
                "workflowName": "someWorkflowName",
                "workflowVersion": 1,
              },
            },
            "queries": Array [
              Object {
                "active": true,
                "activityId": "string",
                "canceled": true,
                "completed": true,
                "endDateAfter": "2018-11-13T14:55:58.463Z",
                "endDateBefore": "2018-11-13T14:55:58.464Z",
                "errorMessage": "string",
                "excludeIds": Array [],
                "finished": true,
                "ids": Array [],
                "incidents": true,
                "running": true,
                "startDateAfter": "2018-11-13T14:55:58.464Z",
                "startDateBefore": "2018-11-13T14:55:58.464Z",
                "variablesQuery": Object {
                  "name": "string",
                  "value": Object {},
                },
                "workflowIds": Array [],
              },
            ],
            "selectionId": 1,
            "totalCount": 3,
          },
          Object {
            "instancesMap": Map {
              "id_8" => Object {
                "activities": Array [
                  Object {
                    "activityId": "activityId_2",
                    "endDate": "2018-10-10T09:20:38.658Z",
                    "id": "id_9",
                    "startDate": "2018-10-10T09:20:38.658Z",
                    "state": "ACTIVE",
                  },
                ],
                "bpmnProcessId": "someKey",
                "endDate": null,
                "id": "id_8",
                "incidents": Array [
                  Object {
                    "activityId": Object {},
                    "activityInstanceId": Object {},
                    "errorMessage": "",
                    "errorType": "",
                    "id": "id_11",
                    "jobId": "jobId_2",
                    "state": "ACTIVE",
                  },
                ],
                "operations": Array [
                  Object {
                    "endDate": "2018-10-10T09:20:38.661Z",
                    "errorMessage": "string",
                    "startDate": "2018-10-10T09:20:38.661Z",
                    "state": "SCHEDULED",
                    "type": "UPDATE_RETRIES",
                  },
                ],
                "sequenceFlows": Array [],
                "startDate": "2018-06-21",
                "state": "ACTIVE",
                "workflowId": "2",
                "workflowName": "someWorkflowName",
                "workflowVersion": 1,
              },
            },
            "queries": Array [
              Object {
                "active": true,
                "activityId": "string",
                "canceled": true,
                "completed": true,
                "endDateAfter": "2018-11-13T14:55:58.463Z",
                "endDateBefore": "2018-11-13T14:55:58.464Z",
                "errorMessage": "string",
                "excludeIds": Array [],
                "finished": true,
                "ids": Array [],
                "incidents": true,
                "running": true,
                "startDateAfter": "2018-11-13T14:55:58.464Z",
                "startDateBefore": "2018-11-13T14:55:58.464Z",
                "variablesQuery": Object {
                  "name": "string",
                  "value": Object {},
                },
                "workflowIds": Array [],
              },
            ],
            "selectionId": 2,
            "totalCount": 3,
          },
          Object {
            "instancesMap": Map {
              "id_12" => Object {
                "activities": Array [
                  Object {
                    "activityId": "activityId_3",
                    "endDate": "2018-10-10T09:20:38.658Z",
                    "id": "id_13",
                    "startDate": "2018-10-10T09:20:38.658Z",
                    "state": "ACTIVE",
                  },
                ],
                "bpmnProcessId": "someKey",
                "endDate": null,
                "id": "id_12",
                "incidents": Array [
                  Object {
                    "activityId": Object {},
                    "activityInstanceId": Object {},
                    "errorMessage": "",
                    "errorType": "",
                    "id": "id_15",
                    "jobId": "jobId_3",
                    "state": "ACTIVE",
                  },
                ],
                "operations": Array [
                  Object {
                    "endDate": "2018-10-10T09:20:38.661Z",
                    "errorMessage": "string",
                    "startDate": "2018-10-10T09:20:38.661Z",
                    "state": "SCHEDULED",
                    "type": "UPDATE_RETRIES",
                  },
                ],
                "sequenceFlows": Array [],
                "startDate": "2018-06-21",
                "state": "ACTIVE",
                "workflowId": "2",
                "workflowName": "someWorkflowName",
                "workflowVersion": 1,
              },
            },
            "queries": Array [
              Object {
                "active": true,
                "activityId": "string",
                "canceled": true,
                "completed": true,
                "endDateAfter": "2018-11-13T14:55:58.463Z",
                "endDateBefore": "2018-11-13T14:55:58.464Z",
                "errorMessage": "string",
                "excludeIds": Array [],
                "finished": true,
                "ids": Array [],
                "incidents": true,
                "running": true,
                "startDateAfter": "2018-11-13T14:55:58.464Z",
                "startDateBefore": "2018-11-13T14:55:58.464Z",
                "variablesQuery": Object {
                  "name": "string",
                  "value": Object {},
                },
                "workflowIds": Array [],
              },
            ],
            "selectionId": 1,
            "totalCount": 3,
          },
          Object {
            "instancesMap": Map {
              "id_16" => Object {
                "activities": Array [
                  Object {
                    "activityId": "activityId_4",
                    "endDate": "2018-10-10T09:20:38.658Z",
                    "id": "id_17",
                    "startDate": "2018-10-10T09:20:38.658Z",
                    "state": "ACTIVE",
                  },
                ],
                "bpmnProcessId": "someKey",
                "endDate": null,
                "id": "id_16",
                "incidents": Array [
                  Object {
                    "activityId": Object {},
                    "activityInstanceId": Object {},
                    "errorMessage": "",
                    "errorType": "",
                    "id": "id_19",
                    "jobId": "jobId_4",
                    "state": "ACTIVE",
                  },
                ],
                "operations": Array [
                  Object {
                    "endDate": "2018-10-10T09:20:38.661Z",
                    "errorMessage": "string",
                    "startDate": "2018-10-10T09:20:38.661Z",
                    "state": "SCHEDULED",
                    "type": "UPDATE_RETRIES",
                  },
                ],
                "sequenceFlows": Array [],
                "startDate": "2018-06-21",
                "state": "ACTIVE",
                "workflowId": "2",
                "workflowName": "someWorkflowName",
                "workflowVersion": 1,
              },
            },
            "queries": Array [
              Object {
                "active": true,
                "activityId": "string",
                "canceled": true,
                "completed": true,
                "endDateAfter": "2018-11-13T14:55:58.463Z",
                "endDateBefore": "2018-11-13T14:55:58.464Z",
                "errorMessage": "string",
                "excludeIds": Array [],
                "finished": true,
                "ids": Array [],
                "incidents": true,
                "running": true,
                "startDateAfter": "2018-11-13T14:55:58.464Z",
                "startDateBefore": "2018-11-13T14:55:58.464Z",
                "variablesQuery": Object {
                  "name": "string",
                  "value": Object {},
                },
                "workflowIds": Array [],
              },
            ],
            "selectionId": 2,
            "totalCount": 3,
          },
          Object {
            "instancesMap": Map {
              "id_20" => Object {
                "activities": Array [
                  Object {
                    "activityId": "activityId_5",
                    "endDate": "2018-10-10T09:20:38.658Z",
                    "id": "id_21",
                    "startDate": "2018-10-10T09:20:38.658Z",
                    "state": "ACTIVE",
                  },
                ],
                "bpmnProcessId": "someKey",
                "endDate": null,
                "id": "id_20",
                "incidents": Array [
                  Object {
                    "activityId": Object {},
                    "activityInstanceId": Object {},
                    "errorMessage": "",
                    "errorType": "",
                    "id": "id_23",
                    "jobId": "jobId_5",
                    "state": "ACTIVE",
                  },
                ],
                "operations": Array [
                  Object {
                    "endDate": "2018-10-10T09:20:38.661Z",
                    "errorMessage": "string",
                    "startDate": "2018-10-10T09:20:38.661Z",
                    "state": "SCHEDULED",
                    "type": "UPDATE_RETRIES",
                  },
                ],
                "sequenceFlows": Array [],
                "startDate": "2018-06-21",
                "state": "ACTIVE",
                "workflowId": "2",
                "workflowName": "someWorkflowName",
                "workflowVersion": 1,
              },
            },
            "queries": Array [
              Object {
                "active": true,
                "activityId": "string",
                "canceled": true,
                "completed": true,
                "endDateAfter": "2018-11-13T14:55:58.463Z",
                "endDateBefore": "2018-11-13T14:55:58.464Z",
                "errorMessage": "string",
                "excludeIds": Array [],
                "finished": true,
                "ids": Array [],
                "incidents": true,
                "running": true,
                "startDateAfter": "2018-11-13T14:55:58.464Z",
                "startDateBefore": "2018-11-13T14:55:58.464Z",
                "variablesQuery": Object {
                  "name": "string",
                  "value": Object {},
                },
                "workflowIds": Array [],
              },
            ],
            "selectionId": 1,
            "totalCount": 3,
          },
        ]
      }
    />
  </PanelBody>
  <PanelFooter />
</Styled(CollapsablePanel)>
`;
