// Jest Snapshot v1, https://goo.gl/fbAQLP

exports[`Selections should match this snapshot 1`] = `
<styled.div>
  <CollapsablePanelConsumer>
    <Component />
  </CollapsablePanelConsumer>
</styled.div>
`;

exports[`Selections should render a CollapsablePanel 1`] = `
<Styled(CollapsablePanel)
  collapseButton={
    <ForwardRef
      direction="RIGHT"
      isExpanded={true}
      title="Collapse Selections"
    />
  }
  expandButton={
    <ForwardRef
      label="Selections"
    >
      <Badge
        isActive={true}
        type="SELECTIONS"
      >
        2
      </Badge>
    </ForwardRef>
  }
  maxWidth={479}
  onCollapse={[MockFunction]}
>
  <Styled(PanelHeader)>
    <span>
      Selections
    </span>
    <ComboBadge
      isActive={true}
      type="SELECTIONS"
    >
      <Left>
        2
      </Left>
      <Right>
        6
      </Right>
    </ComboBadge>
  </Styled(PanelHeader)>
  <PanelBody>
    <SelectionList
      onCancelSelection={[Function]}
      onDeleteSelection={[Function]}
      onRetrySelection={[Function]}
      onToggleSelection={[Function]}
      openSelection={0}
      selections={
        Array [
          Object {
            "queries": Array [
              Object {
                "active": true,
                "excludeIds": Array [],
                "ids": Array [],
                "incidents": true,
                "running": true,
              },
            ],
            "selectionId": 0,
            "totalCount": 3,
            "workflowInstances": Array [
              Object {
                "id": 1,
              },
              Object {
                "id": 2,
              },
              Object {
                "id": 3,
              },
            ],
          },
          Object {
            "queries": Array [
              Object {
                "active": true,
                "excludeIds": Array [],
                "ids": Array [],
                "incidents": false,
                "running": true,
              },
            ],
            "selectionId": 1,
            "totalCount": 3,
            "workflowInstances": Array [
              Object {
                "id": 1,
              },
              Object {
                "id": 2,
              },
              Object {
                "id": 3,
              },
            ],
          },
        ]
      }
    />
  </PanelBody>
  <PanelFooter />
</Styled(CollapsablePanel)>
`;
