// Jest Snapshot v1, https://goo.gl/fbAQLP

exports[`should display date preview if the filter is a date filter 1`] = `
<ul
  className="FilterList"
>
  <li
    className="listItem"
    key="0"
  >
    <ActionItem
      onClick={[Function]}
    >
      <DateFilterPreview
        filter={
          Object {
            "end": "2017-11-26T23:59:59",
            "start": "2017-11-16T00:00:00",
            "type": "fixed",
          }
        }
        filterType="startDate"
      />
    </ActionItem>
  </li>
</ul>
`;
