// Jest Snapshot v1, https://goo.gl/fbAQLP

exports[`should convert a hypermap to a combined report 1`] = `
<CombinedReportRendererErrorHandler
  report={
    Object {
      "combined": true,
      "data": Object {
        "configuration": Object {
          "hiddenNodes": Object {
            "active": true,
            "keys": Array [
              "taskId3",
            ],
          },
        },
        "reports": Array [
          Object {
            "color": "#1991c8",
            "id": "taskId1",
          },
          Object {
            "color": "#00bcd4",
            "id": "taskId2",
          },
        ],
        "visualization": "bar",
      },
      "reportType": "process",
      "result": Object {
        "data": Object {
          "taskId1": Object {
            "combined": false,
            "data": Object {
              "configuration": Object {
                "hiddenNodes": Object {
                  "active": true,
                  "keys": Array [
                    "taskId3",
                  ],
                },
              },
              "distributedBy": Object {
                "type": "userTask",
                "value": null,
              },
              "groupBy": Object {
                "type": "assignee",
              },
              "processDefinitionKey": "aKey",
              "processDefinitionVersion": "1",
              "view": Object {
                "entity": "userTask",
                "property": "duration",
              },
              "visualization": "bar",
            },
            "id": "taskId1",
            "name": "Usertask 1",
            "reportType": "process",
            "result": Object {
              "data": Array [
                Object {
                  "key": "Anne",
                  "label": "Anne",
                  "value": 8,
                },
                Object {
                  "key": "Bernd",
                  "label": "Bernd",
                  "value": 3,
                },
                Object {
                  "key": "Chris",
                  "label": "Chris",
                  "value": 1,
                },
              ],
              "instanceCount": 1234,
              "type": "map",
            },
          },
          "taskId2": Object {
            "combined": false,
            "data": Object {
              "configuration": Object {
                "hiddenNodes": Object {
                  "active": true,
                  "keys": Array [
                    "taskId3",
                  ],
                },
              },
              "distributedBy": Object {
                "type": "userTask",
                "value": null,
              },
              "groupBy": Object {
                "type": "assignee",
              },
              "processDefinitionKey": "aKey",
              "processDefinitionVersion": "1",
              "view": Object {
                "entity": "userTask",
                "property": "duration",
              },
              "visualization": "bar",
            },
            "id": "taskId2",
            "name": "Usertask 2",
            "reportType": "process",
            "result": Object {
              "data": Array [
                Object {
                  "key": "Anne",
                  "label": "Anne",
                  "value": 1,
                },
                Object {
                  "key": "Bernd",
                  "label": "Bernd",
                  "value": 17,
                },
                Object {
                  "key": "Chris",
                  "label": "Chris",
                  "value": 0,
                },
              ],
              "instanceCount": 1234,
              "type": "map",
            },
          },
        },
        "instanceCount": 1234,
        "type": null,
      },
    }
  }
/>
`;
