// Jest Snapshot v1, https://goo.gl/fbAQLP

exports[`should include an error message when invalid target value is typed 1`] = `
<div
  className="ChartTargetInput"
>
  <ButtonGroup
    className="buttonGroup"
  >
    <ForwardRef(Button)
      className=""
      onClick={[Function]}
    >
      Above
    </ForwardRef(Button)>
    <ForwardRef(Button)
      className="is-active"
      onClick={[Function]}
    >
      Below
    </ForwardRef(Button)>
  </ButtonGroup>
  <ForwardRef(Input)
    className="targetInput"
    isInvalid={true}
    onChange={[Function]}
    placeholder="Goal value"
    type="number"
    value=""
  />
  <ErrorMessage
    className="InvalidTargetError"
  >
    Must be a non-negative number
  </ErrorMessage>
  <Select
    className="dataUnitSelect"
    onChange={[Function]}
    value=""
  >
    <Option
      value="millis"
    >
      Milliseconds
    </Option>
    <Option
      value="seconds"
    >
      Seconds
    </Option>
    <Option
      value="minutes"
    >
      Minutes
    </Option>
    <Option
      value="hours"
    >
      Hours
    </Option>
    <Option
      value="days"
    >
      Days
    </Option>
    <Option
      value="weeks"
    >
      Weeks
    </Option>
    <Option
      value="months"
    >
      Months
    </Option>
    <Option
      value="years"
    >
      Years
    </Option>
  </Select>
</div>
`;
