// Jest Snapshot v1, https://goo.gl/fbAQLP

exports[`IncidentStatistic should display the right data 1`] = `
<div>
  <Themed(Styled(withStrippedProps(Component)))>
    <styled.div>
      10
    </styled.div>
    <div
      data-test="incident-statistic-label"
    >
      someLabel
    </div>
    <styled.div>
      8
    </styled.div>
  </Themed(Styled(withStrippedProps(Component)))>
  <styled.div>
    <styled.div
      style={
        Object {
          "width": "55.55555555555556%",
        }
      }
    />
  </styled.div>
</div>
`;
