// Jest Snapshot v1, https://goo.gl/fbAQLP

exports[`should render a Typeahead element with the available reports as options 1`] = `
<Typeahead
  noValuesMessage="No reports have been created"
  onChange={[Function]}
  onClose={[Function]}
  onOpen={[Function]}
  onSearch={[Function]}
  placeholder="Select a Report"
>
  <ForwardRef(DropdownOption)
    key="newReport"
    label="+ New Report from a template"
    value="newReport"
  >
    <Icon
      type="plus"
    />
    <b>
      New Report from a template
    </b>
  </ForwardRef(DropdownOption)>
  <ForwardRef(DropdownOption)
    key="a"
    value="a"
  >
    Report A
  </ForwardRef(DropdownOption)>
  <ForwardRef(DropdownOption)
    key="b"
    value="b"
  >
    Report B
  </ForwardRef(DropdownOption)>
</Typeahead>
`;
