// Jest Snapshot v1, https://goo.gl/fbAQLP

exports[`InstanceHistory should render a pane with InstanceLog section and Copyright 1`] = `
<Pane
  activitiesDetails={
    Object {
      "bar": "bar",
    }
  }
  instance={
    Object {
      "id": "foo",
    }
  }
>
  <PanelHeader
    isRounded={false}
  >
    Instance History
  </PanelHeader>
  <Styled(Styled(PanelBody))>
    <InstanceLog
      activitiesDetails={
        Object {
          "bar": "bar",
        }
      }
      handleSelectedLogEntry={[Function]}
      instance={
        Object {
          "id": "foo",
        }
      }
      selectedLogEntry="HEADER"
    />
    <InstanceEvents
      activitiesDetails={
        Object {
          "bar": "bar",
        }
      }
      instance={
        Object {
          "id": "foo",
        }
      }
      selectedLogEntry="HEADER"
    />
    <Themed(styled.div)>
      C
    </Themed(styled.div)>
  </Styled(Styled(PanelBody))>
  <Styled(Styled(PanelFooter))>
    <Copyright />
  </Styled(Styled(PanelFooter))>
</Pane>
`;
