// Jest Snapshot v1, https://goo.gl/fbAQLP

exports[`Dropdown should match snapshot 1`] = `
<styled.div
  innerRef={[Function]}
>
  <styled.button
    data-test-id="dropdown-label"
    onClick={[Function]}
  >
    <styled.div>
      Foo
    </styled.div>
    <Down />
  </styled.button>
</styled.div>
`;
