// Jest Snapshot v1, https://goo.gl/fbAQLP

exports[`should match snapshot 1`] = `
<div
  className="Checkmark"
>
  <Icon
    onMouseOver={[Function]}
    size="18"
    type="check-circle"
  />
  <div
    className="Tooltip center light top"
  >
    <span>
      event started
    </span>
    <br />
     source: 
    camunda
  </div>
</div>
`;
