// Jest Snapshot v1, https://goo.gl/fbAQLP

exports[`should contain a change warning and not contain event scope selection 1`] = `
<Form
  className="sourceOptions"
>
  <ForwardRef(Stack)
    gap={6}
  >
    <FormGroup
      legendText="Trace ID location"
    >
      <ForwardRef(Stack)
        gap={6}
      >
        <RadioButtonGroup
          name="variable-or-business-key-selector"
          orientation="vertical"
        >
          <RadioButton
            checked={false}
            labelText="Business key"
            onClick={[Function]}
            value="true"
          />
          <RadioButton
            checked={true}
            labelText="Variable"
            onClick={[Function]}
            value="false"
          />
        </RadioButtonGroup>
        <ComboBox
          className="variablesSelector"
          disabled={false}
          id="variable-selector"
          itemToString={[Function]}
          items={Array []}
          onChange={[Function]}
          placeholder="Select or search for a variable here"
          selectedItem={null}
          titleText="Variable"
        />
      </ForwardRef(Stack)>
    </FormGroup>
    <ActionableNotification
      className="editingWarning"
      hideCloseButton={true}
      kind="warning"
    >
      Changing the process definition may add or remove events. Existing event mappings may be removed.
       
      <DocsLink
        location="components/userguide/additional-features/event-based-processes/#camunda-events"
      >
        Learn more
      </DocsLink>
    </ActionableNotification>
  </ForwardRef(Stack)>
</Form>
`;
