// Jest Snapshot v1, https://goo.gl/fbAQLP

exports[`display empty state with link to docs 1`] = `
<div
  className="ExternalSource empty"
>
  No Events available. To add events, see 
  <Component
    location="technical-guide/rest-api/event-ingestion/"
  >
    Documentation
  </Component>
  .
</div>
`;

exports[`should match snapshot 1`] = `
<div
  className="ExternalSource"
>
  <Labeled
    label="Select external events"
  >
    <Typeahead
      initialValue="all"
      onChange={[Function]}
      onClose={[Function]}
      onOpen={[Function]}
      onSearch={[Function]}
    >
      <ForwardRef(DropdownOption)
        value="all"
      >
        all events
      </ForwardRef(DropdownOption)>
    </Typeahead>
  </Labeled>
</div>
`;
