// Jest Snapshot v1, https://goo.gl/fbAQLP

exports[`should match snapshot 1`] = `
<div
  className="ProcessView"
>
  <div
    className="header"
  >
    <div
      className="head"
    >
      <div
        className="name-container"
      >
        <h1
          className="name"
        >
          Process Name
        </h1>
      </div>
      <div
        className="tools"
      >
        <Link
          className="tool-button edit-button"
          to="edit"
        >
          <ForwardRef(Button)>
            <Icon
              type="edit"
            />
            Edit
          </ForwardRef(Button)>
        </Link>
        <ForwardRef(Button)
          className="tool-button delete-button"
          onClick={[Function]}
        >
          <Icon
            type="delete"
          />
          Delete
        </ForwardRef(Button)>
      </div>
    </div>
  </div>
  <Themed(BPMNDiagramErrorHandler)
    xml="process XML"
  >
    <ProcessRenderer
      mappings={Object {}}
    />
  </Themed(BPMNDiagramErrorHandler)>
  <DeleterErrorHandler
    deleteEntity={[Function]}
    entity={null}
    onClose={[Function]}
    onDelete={[MockFunction]}
    type="process"
  />
</div>
`;
