// Jest Snapshot v1, https://goo.gl/fbAQLP

exports[`should match snapshot 1`] = `
<div
  className="ProcessView"
>
  <PageTitle
    pageName="Process"
    resourceName="Process Name"
  />
  <div
    className="header"
  >
    <div
      className="head"
    >
      <EntityName
        details={
          <LastModifiedInfo
            entity={
              Object {
                "id": "processId",
                "lastModified": "2020-11-11T11:11:11.111+0200",
                "lastModifier": "john",
                "mappings": Object {},
                "name": "Process Name",
                "state": "mapped",
                "xml": "Process XML",
              }
            }
          />
        }
      >
        Process Name
      </EntityName>
      <div
        className="tools"
      >
        <Link
          className="tool-button edit-button"
          to="edit"
        >
          <ForwardRef(Button)
            disabled={false}
            main={true}
            tabIndex="-1"
          >
            <Icon
              type="edit"
            />
            Edit
          </ForwardRef(Button)>
        </Link>
        <ForwardRef(Button)
          className="tool-button publish-button"
          disabled={false}
          main={true}
          onClick={[Function]}
        >
          <Icon
            type="publish"
          />
          Publish
        </ForwardRef(Button)>
        <ForwardRef(Button)
          className="tool-button delete-button"
          disabled={false}
          main={true}
          onClick={[Function]}
        >
          <Icon
            type="delete"
          />
          Delete
        </ForwardRef(Button)>
      </div>
    </div>
  </div>
  <div
    className="content"
  >
    <Themed(BPMNDiagramErrorHandler)
      xml="Process XML"
    >
      <ProcessRenderer
        mappings={Object {}}
      />
    </Themed(BPMNDiagramErrorHandler)>
  </div>
  <DeleterErrorHandler
    checkConflicts={[Function]}
    deleteEntity={[Function]}
    descriptionText="The '' Process will be permanently deleted. This will result in the deletion of any associated Reports, inside and outside of Collections."
    entity={null}
    onClose={[Function]}
    onDelete={[MockFunction]}
    type="process"
  />
</div>
`;
