// Jest Snapshot v1, https://goo.gl/fbAQLP

exports[`should add user/group to the list 1`] = `
Array [
  Object {
    "actions": Array [
      Object {
        "action": [Function],
        "icon": "delete",
        "text": "Remove",
      },
    ],
    "className": "user",
    "icon": "user",
    "meta": Array [
      false,
    ],
    "name": "kermit",
    "type": "User",
  },
  Object {
    "actions": Array [
      Object {
        "action": [Function],
        "icon": "delete",
        "text": "Remove",
      },
    ],
    "className": "group",
    "icon": "user-group",
    "meta": Array [
      "2 Users",
    ],
    "name": "Sales",
    "type": "User Group",
  },
]
`;
