// Jest Snapshot v1, https://goo.gl/fbAQLP

exports[`should match snapshot 1`] = `
<Form>
  <ForwardRef(Stack)
    gap={4}
    orientation="vertical"
  >
    <FormGroup
      legendText="Configure which events are displayed in the table."
    >
      <Checkbox
        checked={true}
        id="processInstanceScopeToggle"
        labelText="Process start and end"
        onChange={[Function]}
      />
      <Checkbox
        checked={false}
        id="flowNodeScopeToggle"
        labelText="Start and end flow node events"
        onChange={[Function]}
      />
      <Checkbox
        checked={false}
        id="allEventsScopeToggle"
        labelText="All flow node events"
        onChange={[Function]}
      />
    </FormGroup>
    <MessageBox
      type="warning"
    >
      Changing the event list may add or remove events. Existing event mappings may be removed.
       
      <DocsLink
        location="components/userguide/additional-features/event-based-processes/#camunda-events"
      >
        Learn more
      </DocsLink>
    </MessageBox>
  </ForwardRef(Stack)>
</Form>
`;
