// Jest Snapshot v1, https://goo.gl/fbAQLP

exports[`should match snapshot 1`] = `
<Form
  description="Configure which events are displayed in the table."
>
  <FormGroup>
    <ForwardRef(LabeledInput)
      checked={true}
      label="Process start and end"
      onChange={[Function]}
      type="checkbox"
    />
    <ForwardRef(LabeledInput)
      checked={false}
      label="Start and End Flownode Events"
      onChange={[Function]}
      type="checkbox"
    />
    <ForwardRef(LabeledInput)
      checked={false}
      label="All Flownode Events"
      onChange={[Function]}
      type="checkbox"
    />
  </FormGroup>
  <MessageBox
    type="warning"
  >
    Changing the event list may add or remove events. Existing event mappings may be removed.
     
    <Component
      location="components/userguide/additional-features/event-based-processes/#camunda-events"
    >
      Learn more
    </Component>
  </MessageBox>
</Form>
`;
