// Jest Snapshot v1, https://goo.gl/fbAQLP

exports[`InstanceLog should render entries if there are actvitiesDetails 1`] = `
<Themed(styled.ul)
  activitiesDetails={
    Object {
      "1": Object {
        "activityId": "activity1",
        "name": "someName1",
        "state": "someState1",
        "type": "someType1",
      },
      "2": Object {
        "activityId": "activity2",
        "name": "someName2",
        "state": "someState2",
        "type": "someType2",
      },
    }
  }
  instance={
    Object {
      "workflowId": "foo",
    }
  }
  onActivitySelected={[Function]}
  selectedActivityId={null}
>
  <styled.li>
    <Themed(Styled(Themed(styled.button)))
      isSelected={true}
      onClick={[Function]}
    >
      <Themed(Styled(withStrippedProps(Document)))
        isSelected={true}
      />
      foo
    </Themed(Styled(Themed(styled.button)))>
  </styled.li>
  <styled.li
    key="1"
  >
    <Themed(styled.button)
      data-test-key="1"
      isSelected={false}
      onClick={[Function]}
    >
      <Themed(Styled(withStrippedProps(FlowNodeIcon)))
        isSelected={false}
        state="someState1"
        type="someType1"
      />
      someName1
    </Themed(styled.button)>
  </styled.li>
  <styled.li
    key="2"
  >
    <Themed(styled.button)
      data-test-key="2"
      isSelected={false}
      onClick={[Function]}
    >
      <Themed(Styled(withStrippedProps(FlowNodeIcon)))
        isSelected={false}
        state="someState2"
        type="someType2"
      />
      someName2
    </Themed(styled.button)>
  </styled.li>
</Themed(styled.ul)>
`;
