// Jest Snapshot v1, https://goo.gl/fbAQLP

exports[`InstanceLog should render entries if there are actvitiesDetails 1`] = `
<Themed(styled.div)
  activitiesDetails={
    Object {
      "1": Object {
        "name": "someName1",
        "state": "someState1",
        "type": "someType1",
      },
      "2": Object {
        "name": "someName2",
        "state": "someState2",
        "type": "someType2",
      },
    }
  }
  instance={
    Object {
      "workflowId": "foo",
    }
  }
>
  <React.Fragment>
    <Styled(Themed(styled.a))
      href="#"
      isSelected={true}
      onClick={[Function]}
    >
      <Themed(Styled(withStrippedProps(Document)))
        isSelected={true}
      />
      foo
    </Styled(Themed(styled.a))>
    <Themed(styled.a)
      href="#"
      isSelected={false}
      key="1"
      onClick={[Function]}
    >
      <Themed(Styled(withStrippedProps(FlowNodeIcon)))
        isSelected={false}
        state="someState1"
        type="someType1"
      />
      someName1
    </Themed(styled.a)>
    <Themed(styled.a)
      href="#"
      isSelected={false}
      key="2"
      onClick={[Function]}
    >
      <Themed(Styled(withStrippedProps(FlowNodeIcon)))
        isSelected={false}
        state="someState2"
        type="someType2"
      />
      someName2
    </Themed(styled.a)>
  </React.Fragment>
</Themed(styled.div)>
`;
