// Jest Snapshot v1, https://goo.gl/fbAQLP

exports[`InstanceLog should render entries if there are actvitiesDetails 1`] = `
<Themed(Styled(withStrippedProps(Component)))
  activitiesDetails={
    Object {
      "1": Object {
        "activityId": "activity1",
        "name": "someName1",
        "state": "someState1",
        "type": "someType1",
      },
      "2": Object {
        "activityId": "activity2",
        "name": "someName2",
        "state": "someState2",
        "type": "someType2",
      },
    }
  }
  instance={
    Object {
      "workflowId": "foo",
    }
  }
  onActivityInstanceSelected={[MockFunction]}
  selectedActivityInstanceId={null}
>
  <styled.ul>
    <Themed(styled.li)
      isSelected={true}
    >
      &gt;
      <Themed(Styled(Themed(styled.button)))
        isSelected={true}
        onClick={[Function]}
      >
        <Themed(Styled(withStrippedProps(ReactComponent)))
          isSelected={true}
        />
        foo
      </Themed(Styled(Themed(styled.button)))>
    </Themed(styled.li)>
    <Themed(styled.li)
      isSelected={false}
      key="1"
    >
      <Themed(styled.button)
        data-test="1"
        isSelected={false}
        onClick={[Function]}
      >
        <Themed(Styled(Themed(FlowNodeIcon)))
          isSelected={false}
          state="someState1"
          type="someType1"
        />
        someName1
      </Themed(styled.button)>
    </Themed(styled.li)>
    <Themed(styled.li)
      isSelected={false}
      key="2"
    >
      <Themed(styled.button)
        data-test="2"
        isSelected={false}
        onClick={[Function]}
      >
        <Themed(Styled(Themed(FlowNodeIcon)))
          isSelected={false}
          state="someState2"
          type="someType2"
        />
        someName2
      </Themed(styled.button)>
    </Themed(styled.li)>
  </styled.ul>
</Themed(Styled(withStrippedProps(Component)))>
`;
