// Jest Snapshot v1, https://goo.gl/fbAQLP

exports[`should match snapshot 1`] = `
<Modal
  className="ConflictModal"
  onClose={[MockFunction]}
  open={true}
>
  <ForwardRef(ModalHeader)
    title="Destructive changes"
  />
  <ForwardRef>
    <ForwardRef(Stack)
      gap={4}
    >
      <p>
        These changes are incompatible with the alert(s):
      </p>
      <ul>
        <li
          key="1"
        >
          '
          alert
          '
        </li>
      </ul>
      <p
        className="conflictMessage"
      >
        <b>
          Warning: Saving will delete the alert(s).
        </b>
      </p>
    </ForwardRef(Stack)>
  </ForwardRef>
  <ForwardRef(ModalFooter)>
    <Button
      className="close"
      disabled={false}
      kind="secondary"
      onClick={[MockFunction]}
    >
      Don't save
    </Button>
    <Button
      className="confirm"
      disabled={false}
      onClick={[Function]}
    >
      Save changes
    </Button>
  </ForwardRef(ModalFooter)>
</Modal>
`;
