// Jest Snapshot v1, https://goo.gl/fbAQLP

exports[`should add a role 1`] = `
<FormGroup
  className="addedValues"
  noSpacing={true}
>
  <ForwardRef(LabeledInput)
    checked={true}
    key="demo"
    label="demo"
    onChange={[Function]}
    type="checkbox"
  />
</FormGroup>
`;

exports[`should remove a role from the list 1`] = `
Array [
  <FormGroup
    className="addedValues"
    noSpacing={true}
  >
    <div
      className="FormGroup noSpacing addedValues"
    />
  </FormGroup>,
  <div
    className="FormGroup noSpacing addedValues"
  />,
]
`;
