// Jest Snapshot v1, https://goo.gl/fbAQLP

exports[`IncidentByError should display the right data 1`] = `
<div>
  <Themed(Styled(withStrippedProps(Component)))>
    <styled.div>
      10
    </styled.div>
    <styled.div>
      someLabel
    </styled.div>
  </Themed(Styled(withStrippedProps(Component)))>
  <Themed(styled.div) />
</div>
`;
