// Jest Snapshot v1, https://goo.gl/fbAQLP

exports[`Instance should pass the right incidents data to IncidentsWrapper 1`] = `
Object {
  "errorTypes": Map {
    "Condition error" => Object {
      "count": 1,
      "errorType": "Condition error",
    },
  },
  "expandState": "DEFAULT",
  "flowNodes": Map {
    "Service5678" => Object {
      "count": 1,
      "flowNodeId": "Service5678",
      "flowNodeName": "Do something",
    },
  },
  "forceSpinner": false,
  "incidents": Array [
    Object {
      "creationTime": "2019-03-01T14:26:19",
      "errorMessage": "Some Condition error has occured",
      "errorType": "Condition error",
      "flowNodeId": "Service5678",
      "flowNodeInstanceId": Object {},
      "flowNodeName": "Do something",
      "hasActiveOperation": false,
      "id": "id_11",
      "jobId": "jobId_0",
      "state": "ACTIVE",
    },
  ],
  "incidentsCount": 1,
  "instance": Object {
    "activities": Array [
      Object {
        "activityId": "activityId_6",
        "endDate": "2018-10-10T09:20:38.658Z",
        "id": "id_9",
        "startDate": "2018-10-10T09:20:38.658Z",
        "state": "ACTIVE",
      },
    ],
    "bpmnProcessId": "someKey",
    "endDate": null,
    "id": "4294980768",
    "operations": Array [
      Object {
        "endDate": "2018-10-10T09:20:38.661Z",
        "errorMessage": "string",
        "startDate": "2018-10-10T09:20:38.661Z",
        "state": "SCHEDULED",
        "type": "RESOLVE_INCIDENT",
      },
    ],
    "sequenceFlows": Array [],
    "startDate": "2018-06-21",
    "state": "INCIDENT",
    "workflowId": "2",
    "workflowName": "someWorkflowName",
    "workflowVersion": 1,
  },
  "onIncidentOperation": [Function],
  "onIncidentSelection": [Function],
  "selectedFlowNodeInstanceIds": Array [
    "4294980768",
  ],
}
`;
