// Jest Snapshot v1, https://goo.gl/fbAQLP

exports[`Instance rendering should display a Header, DiagramPanel and Copyright 1`] = `
<Fragment>
  <WithSelection(HeaderSharedState)
    detail={
      <InstanceDetail
        instance={
          Object {
            "activities": Array [
              Object {
                "activityId": "foo",
                "endDate": "2018-10-10T09:20:38.658Z",
                "id": "foo",
                "startDate": "2018-10-10T09:20:38.658Z",
                "state": "COMPLETED",
              },
              Object {
                "activityId": "bar",
                "endDate": "2018-10-10T09:20:38.658Z",
                "id": "bar",
                "startDate": "2018-10-10T09:20:38.658Z",
                "state": "COMPLETED",
              },
              Object {
                "activityId": "taskA",
                "endDate": "2018-10-10T09:20:38.658Z",
                "id": "4294983744",
                "startDate": "2018-10-10T09:20:38.658Z",
                "state": "INCIDENT",
              },
            ],
            "bpmnProcessId": "someKey",
            "endDate": null,
            "id": "4294980768",
            "incidents": Array [
              Object {
                "activityId": "taskA",
                "activityInstanceId": "4294983744",
                "errorMessage": "",
                "errorType": "",
                "id": "4295763008",
                "jobId": "jobId_0",
                "state": "ACTIVE",
              },
            ],
            "operations": Array [
              Object {
                "endDate": "2018-10-10T09:20:38.661Z",
                "errorMessage": "string",
                "startDate": "2018-10-10T09:20:38.661Z",
                "state": "SCHEDULED",
                "type": "UPDATE_RETRIES",
              },
            ],
            "sequenceFlows": Array [],
            "startDate": "2018-06-21",
            "state": "ACTIVE",
            "workflowId": "2",
            "workflowName": "someWorkflowName",
            "workflowVersion": 1,
          }
        }
      />
    }
  />
  <styled.main>
    <VisuallyHiddenH1>
      Camunda Operate Instance 4294980768
    </VisuallyHiddenH1>
    <SplitPane
      titles={
        Object {
          "bottom": "Instance Details",
          "top": "Workflow",
        }
      }
    >
      <DiagramPanel
        flowNodeStateOverlays={
          Array [
            Object {
              "id": "foo",
              "state": "COMPLETED",
            },
            Object {
              "id": "taskA",
              "state": "INCIDENT",
            },
          ]
        }
        instance={
          Object {
            "activities": Array [
              Object {
                "activityId": "foo",
                "endDate": "2018-10-10T09:20:38.658Z",
                "id": "foo",
                "startDate": "2018-10-10T09:20:38.658Z",
                "state": "COMPLETED",
              },
              Object {
                "activityId": "bar",
                "endDate": "2018-10-10T09:20:38.658Z",
                "id": "bar",
                "startDate": "2018-10-10T09:20:38.658Z",
                "state": "COMPLETED",
              },
              Object {
                "activityId": "taskA",
                "endDate": "2018-10-10T09:20:38.658Z",
                "id": "4294983744",
                "startDate": "2018-10-10T09:20:38.658Z",
                "state": "INCIDENT",
              },
            ],
            "bpmnProcessId": "someKey",
            "endDate": null,
            "id": "4294980768",
            "incidents": Array [
              Object {
                "activityId": "taskA",
                "activityInstanceId": "4294983744",
                "errorMessage": "",
                "errorType": "",
                "id": "4295763008",
                "jobId": "jobId_0",
                "state": "ACTIVE",
              },
            ],
            "operations": Array [
              Object {
                "endDate": "2018-10-10T09:20:38.661Z",
                "errorMessage": "string",
                "startDate": "2018-10-10T09:20:38.661Z",
                "state": "SCHEDULED",
                "type": "UPDATE_RETRIES",
              },
            ],
            "sequenceFlows": Array [],
            "startDate": "2018-06-21",
            "state": "ACTIVE",
            "workflowId": "2",
            "workflowName": "someWorkflowName",
            "workflowVersion": 1,
          }
        }
        onFlowNodeSelected={[Function]}
        onFlowNodesDetailsReady={[Function]}
        selectableFlowNodes={
          Array [
            "foo",
            "bar",
            "taskA",
          ]
        }
        selectedFlowNode="foo"
      />
      <InstanceHistory
        activitiesDetails={
          Object {
            "bar": Object {
              "activityId": "bar",
              "state": "COMPLETED",
              "type": "TASK",
            },
            "foo": Object {
              "activityId": "foo",
              "state": "COMPLETED",
              "type": "END_EVENT",
            },
            "taskA": Object {
              "activityId": "taskA",
              "state": "INCIDENT",
              "type": "TASK",
            },
          }
        }
        instance={
          Object {
            "activities": Array [
              Object {
                "activityId": "foo",
                "endDate": "2018-10-10T09:20:38.658Z",
                "id": "foo",
                "startDate": "2018-10-10T09:20:38.658Z",
                "state": "COMPLETED",
              },
              Object {
                "activityId": "bar",
                "endDate": "2018-10-10T09:20:38.658Z",
                "id": "bar",
                "startDate": "2018-10-10T09:20:38.658Z",
                "state": "COMPLETED",
              },
              Object {
                "activityId": "taskA",
                "endDate": "2018-10-10T09:20:38.658Z",
                "id": "4294983744",
                "startDate": "2018-10-10T09:20:38.658Z",
                "state": "INCIDENT",
              },
            ],
            "bpmnProcessId": "someKey",
            "endDate": null,
            "id": "4294980768",
            "incidents": Array [
              Object {
                "activityId": "taskA",
                "activityInstanceId": "4294983744",
                "errorMessage": "",
                "errorType": "",
                "id": "4295763008",
                "jobId": "jobId_0",
                "state": "ACTIVE",
              },
            ],
            "operations": Array [
              Object {
                "endDate": "2018-10-10T09:20:38.661Z",
                "errorMessage": "string",
                "startDate": "2018-10-10T09:20:38.661Z",
                "state": "SCHEDULED",
                "type": "UPDATE_RETRIES",
              },
            ],
            "sequenceFlows": Array [],
            "startDate": "2018-06-21",
            "state": "ACTIVE",
            "workflowId": "2",
            "workflowName": "someWorkflowName",
            "workflowVersion": 1,
          }
        }
        onActivityInstanceSelected={[Function]}
        selectedActivityInstanceId="4294983744"
      />
    </SplitPane>
  </styled.main>
</Fragment>
`;
