// Jest Snapshot v1, https://goo.gl/fbAQLP

exports[`InstanceEvents should render grouped events 1`] = `
<Themed(styled.div)
  groupedEvents={
    Array [
      Object {
        "events": Array [
          Object {
            "activityInstanceId": "foo",
            "eventType": "fooCreated",
            "metadata": Object {
              "a": "b",
            },
          },
          Object {
            "activityInstanceId": "foo",
            "eventType": "fooActiviated",
          },
        ],
        "id": "foo",
        "name": "foo name",
      },
      Object {
        "events": Array [
          Object {
            "activityInstanceId": "bar",
            "eventSourceType": "INCIDENT",
            "eventType": "CREATED",
          },
          Object {
            "activityInstanceId": "bar",
            "eventType": "barActivated",
          },
        ],
        "id": "foo",
        "name": "bar name",
        "state": "INCIDENT",
      },
      Object {
        "eventType": "baz",
        "metadata": Object {
          "c": Object {
            "d": "e",
            "e": null,
          },
          "f": null,
        },
      },
    ]
  }
  onEventRowChanged={[Function]}
  selectedEventRow={
    Object {
      "key": null,
      "payload": null,
    }
  }
>
  <styled.ul>
    <Themed(styled.li)
      key="0"
    >
      <Foldable
        key="foo name0"
      >
        <Summary
          data-test="foo name0"
          isFoldable={true}
          isSelected={false}
          onSelection={[Function]}
        >
          foo name
        </Summary>
        <Details>
          <Foldable
            indentation={1}
            key="fooCreated0"
          >
            <Summary
              data-test="fooCreated0"
              isFoldable={true}
              isOpenIncidentEvent={false}
              isSelected={false}
              onSelection={[Function]}
            >
              fooCreated
            </Summary>
            <Details>
              <Themed(styled.div)
                indentation={2}
                key="0"
              >
                a: b
              </Themed(styled.div)>
            </Details>
          </Foldable>
          <Foldable
            indentation={1}
            key="fooActiviated1"
          >
            <Summary
              data-test="fooActiviated1"
              isFoldable={false}
              isOpenIncidentEvent={false}
              isSelected={false}
              onSelection={[Function]}
            >
              fooActiviated
            </Summary>
          </Foldable>
        </Details>
      </Foldable>
    </Themed(styled.li)>
    <Themed(styled.li)
      key="1"
    >
      <Foldable
        key="bar name1"
      >
        <Summary
          data-test="bar name1"
          isFoldable={true}
          isSelected={false}
          onSelection={[Function]}
        >
          bar name
          <Styled(InstanceHistoryIconIncidentActive)
            title="bar name has an incident"
          />
        </Summary>
        <Details>
          <Foldable
            indentation={1}
            key="CREATED0"
          >
            <Summary
              data-test="CREATED0"
              isFoldable={false}
              isOpenIncidentEvent={true}
              isSelected={false}
              onSelection={[Function]}
            >
              <Styled(InstanceHistoryIconIncidentActive) />
              CREATED
            </Summary>
          </Foldable>
          <Foldable
            indentation={1}
            key="barActivated1"
          >
            <Summary
              data-test="barActivated1"
              isFoldable={false}
              isOpenIncidentEvent={false}
              isSelected={false}
              onSelection={[Function]}
            >
              barActivated
            </Summary>
          </Foldable>
        </Details>
      </Foldable>
    </Themed(styled.li)>
    <Themed(styled.li)
      key="2"
    >
      <Foldable
        indentation={0}
        key="baz2"
      >
        <Summary
          data-test="baz2"
          isFoldable={true}
          isOpenIncidentEvent={false}
          isSelected={false}
          onSelection={[Function]}
        >
          baz
        </Summary>
        <Details>
          <Foldable
            indentation={1}
            key="0"
          >
            <Summary
              isFoldable={true}
            >
              c
            </Summary>
            <Details>
              <Themed(styled.div)
                indentation={2}
                key="0"
              >
                d: e
              </Themed(styled.div)>
            </Details>
          </Foldable>
        </Details>
      </Foldable>
    </Themed(styled.li)>
  </styled.ul>
</Themed(styled.div)>
`;
