// Jest Snapshot v1, https://goo.gl/fbAQLP

exports[`InstanceEvents should render grouped events 1`] = `
<Themed(styled.div)
  groupedEvents={
    Array [
      Object {
        "events": Array [
          Object {
            "activityInstanceId": "foo",
            "eventType": "fooCreated",
            "metadata": Object {
              "a": "b",
            },
          },
          Object {
            "activityInstanceId": "foo",
            "eventType": "fooActiviated",
          },
        ],
        "id": "foo",
        "name": "foo name",
      },
      Object {
        "events": Array [
          Object {
            "activityInstanceId": "bar",
            "eventSourceType": "INCIDENT",
            "eventType": "CREATED",
          },
          Object {
            "activityInstanceId": "bar",
            "eventType": "barActivated",
          },
        ],
        "id": "foo",
        "name": "bar name",
        "state": "INCIDENT",
      },
      Object {
        "eventType": "baz",
        "metadata": Object {
          "c": Object {
            "d": "e",
            "e": null,
          },
          "f": null,
        },
      },
    ]
  }
>
  <styled.div>
    <Themed(styled.div)
      key="0"
    >
      <Foldable
        key="foo name0"
      >
        <Styled(Summary)>
          foo name
        </Styled(Summary)>
        <Details>
          <Foldable
            key="fooCreated0"
          >
            <Styled(Summary)
              isFoldable={true}
              isOpenIncidentEvent={false}
            >
              fooCreated
            </Styled(Summary)>
            <Details>
              <Themed(styled.div)
                key="0"
              >
                a: b
              </Themed(styled.div)>
            </Details>
          </Foldable>
          <Foldable
            key="fooActiviated1"
          >
            <Styled(Summary)
              isFoldable={false}
              isOpenIncidentEvent={false}
            >
              fooActiviated
            </Styled(Summary)>
            <Details />
          </Foldable>
        </Details>
      </Foldable>
    </Themed(styled.div)>
    <Themed(styled.div)
      key="1"
    >
      <Foldable
        key="bar name1"
      >
        <Styled(Summary)>
          bar name
          <Styled(InstanceHistoryIconIncidentActive) />
        </Styled(Summary)>
        <Details>
          <Foldable
            key="CREATED0"
          >
            <Styled(Summary)
              isFoldable={false}
              isOpenIncidentEvent={true}
            >
              <Styled(InstanceHistoryIconIncidentActive) />
              CREATED
            </Styled(Summary)>
            <Details />
          </Foldable>
          <Foldable
            key="barActivated1"
          >
            <Styled(Summary)
              isFoldable={false}
              isOpenIncidentEvent={false}
            >
              barActivated
            </Styled(Summary)>
            <Details />
          </Foldable>
        </Details>
      </Foldable>
    </Themed(styled.div)>
    <Themed(styled.div)
      key="2"
    >
      <Foldable
        key="baz2"
      >
        <Styled(Summary)
          isFoldable={true}
          isOpenIncidentEvent={false}
        >
          baz
        </Styled(Summary)>
        <Details>
          <Foldable
            key="0"
          >
            <Summary
              isFoldable={true}
            >
              c
            </Summary>
            <Details>
              <Themed(styled.div)
                key="0"
              >
                d: e
              </Themed(styled.div)>
            </Details>
          </Foldable>
        </Details>
      </Foldable>
    </Themed(styled.div)>
  </styled.div>
</Themed(styled.div)>
`;
