// Jest Snapshot v1, https://goo.gl/fbAQLP

exports[`it should display correct configuration for barchart 1`] = `
<div
  className="BarChartConfig"
>
  <fieldset
    className="colorSection"
  >
    <legend>
      Color
    </legend>
    <ColorPicker
      onChange={[Function]}
      selectedColor="#1991c8"
    />
  </fieldset>
  <fieldset>
    <legend>
      Tooltips
    </legend>
    <RelativeAbsoluteSelection
      hideRelative={false}
      onChange={[Function]}
    />
  </fieldset>
  <fieldset>
    <legend>
      Axis Settings
    </legend>
    <Switch
      checked={false}
      label="Logarithmic Scale (base 10)"
      onChange={[Function]}
    />
    <label>
      Axis Label
    </label>
    <ForwardRef(Input)
      onChange={[Function]}
      placeholder="X Axis Label"
      type="text"
      value=""
    />
    <ForwardRef(Input)
      onChange={[Function]}
      placeholder="Y Axis Label"
      type="text"
      value=""
    />
  </fieldset>
  <fieldset>
    <legend>
      <Switch
        checked={false}
        label="Set Target"
        onChange={[Function]}
      />
    </legend>
    <ChartTargetInput
      report={
        Object {
          "combined": false,
          "data": Object {
            "configuration": Object {
              "color": "#1991c8",
              "hideAbsoluteValue": false,
              "hideRelativeValue": false,
              "logScale": false,
              "showInstanceCount": false,
              "stackedBar": false,
              "targetValue": Object {
                "active": false,
              },
              "xLabel": "",
              "yLabel": "",
            },
            "distributedBy": Object {
              "type": "none",
              "value": null,
            },
            "groupBy": Object {},
            "view": Object {
              "properties": Array [
                "frequency",
              ],
            },
            "visualization": "bar",
          },
          "result": Object {
            "measures": Array [
              Object {
                "data": Array [],
              },
            ],
          },
        }
      }
    />
  </fieldset>
</div>
`;
