// Jest Snapshot v1, https://goo.gl/fbAQLP

exports[`it should display correct configuration for linechart 1`] = `
<Fragment>
  <PointMarkersConfig
    configuration={
      Object {
        "color": "#1991c8",
        "hideAbsoluteValue": false,
        "hideRelativeValue": false,
        "pointMarkers": true,
        "showInstanceCount": false,
        "targetValue": Object {
          "active": false,
        },
        "xLabel": "",
        "yLabel": "",
      }
    }
  />
  <BarChartConfig
    report={
      Object {
        "combined": false,
        "data": Object {
          "configuration": Object {
            "color": "#1991c8",
            "hideAbsoluteValue": false,
            "hideRelativeValue": false,
            "pointMarkers": true,
            "showInstanceCount": false,
            "targetValue": Object {
              "active": false,
            },
            "xLabel": "",
            "yLabel": "",
          },
          "view": Object {
            "properties": Array [
              "frequency",
            ],
          },
          "visualization": "line",
        },
      }
    }
  />
</Fragment>
`;
