// Jest Snapshot v1, https://goo.gl/fbAQLP

exports[`it should display correct configuration for piechart 1`] = `
<fieldset>
  <legend>
    Tooltips
  </legend>
  <RelativeAbsoluteSelection
    absolute={true}
    hideRelative={false}
    onChange={[Function]}
    relative={false}
  />
</fieldset>
`;
