// Jest Snapshot v1, https://goo.gl/fbAQLP

exports[`should create default chart options 1`] = `
Object {
  "animation": false,
  "emptyBackgroundColor": "#efefef",
  "maintainAspectRatio": false,
  "plugins": Object {
    "datalabels": Object {
      "align": "start",
      "display": undefined,
      "formatter": [Function],
    },
    "legend": Object {
      "autoCollapse": true,
      "display": true,
      "labels": Object {
        "color": "#666",
        "generateLabels": [Function],
      },
    },
    "tooltip": Object {
      "callbacks": Object {
        "label": [Function],
        "labelColor": [Function],
        "title": [Function],
      },
      "enabled": true,
    },
  },
  "responsive": true,
}
`;
