// Jest Snapshot v1, https://goo.gl/fbAQLP

exports[`should add an autorefresh addon when autorefresh mode is active 1`] = `
Array [
  <AutoRefreshBehavior
    interval={1000}
  />,
]
`;

exports[`should display the key properties of a dashboard 1`] = `
<ModificationInfo
  date="2020-11-11T11:11:11.1111+0200"
  user="lastModifier"
/>
`;
