Error: rpc error: code = Unavailable desc = connection error: desc = "transport: authentication handshake failed: tls: first record does not look like a TLS handshake"
Usage:
  zbctl status [flags]

Flags:
  -h, --help   help for status

Global Flags:
      --address string        Specify a contact point address. If omitted, will read from the environment variable 'ZEEBE_ADDRESS' (default '127.0.0.1:26500')
      --audience string       Specify the resource that the access token should be valid for. If omitted, will read from the environment variable 'ZEEBE_TOKEN_AUDIENCE'
      --authzUrl string       Specify an authorization server URL from which to request an access token. If omitted, will read from the environment variable 'ZEEBE_AUTHORIZATION_SERVER_URL' (default "https://login.cloud.camunda.io/oauth/token/")
      --certPath string       Specify a path to a certificate with which to validate gateway requests. If omitted, will read from the environment variable 'ZEEBE_CA_CERTIFICATE_PATH'
      --clientCache string    Specify the path to use for the OAuth credentials cache. If omitted, will read from the environment variable 'ZEEBE_CLIENT_CONFIG_PATH' (default "/tmp/.camunda/credentials")
      --clientId string       Specify a client identifier to request an access token. If omitted, will read from the environment variable 'ZEEBE_CLIENT_ID'
      --clientSecret string   Specify a client secret to request an access token. If omitted, will read from the environment variable 'ZEEBE_CLIENT_SECRET'
      --insecure              Specify if zbctl should use an unsecured connection. If omitted, will read from the environment variable 'ZEEBE_INSECURE_CONNECTION'

