// Jest Snapshot v1, https://goo.gl/fbAQLP

exports[`SplitPane expandState should render children with proper expandState when no pane is extended 1`] = `
<styled.div
  clearStateLocally={[Function]}
  getStateLocally={[Function]}
  storeStateLocally={[Function]}
>
  <FirstChild
    expandState="DEFAULT"
    handleExpand={[Function]}
    key=".0"
    paneId="TOP"
  />
  <SecondChild
    expandState="DEFAULT"
    handleExpand={[Function]}
    key=".1"
    paneId="BOTTOM"
  />
</styled.div>
`;
