// Jest Snapshot v1, https://goo.gl/fbAQLP

exports[`should match snapshot 1`] = `
<div
  className="ActionItem"
>
  <div
    className="header"
  >
    <div
      className="type"
    >
      ActionItem type
    </div>
    <div
      className="buttons"
    >
      <Button
        hasIconOnly={true}
        iconDescription="Delete"
        kind="ghost"
        renderIcon={
          Object {
            "$$typeof": Symbol(react.forward_ref),
            "propTypes": Object {
              "size": [Function],
            },
            "render": [Function],
          }
        }
        size="sm"
      />
    </div>
  </div>
  <div
    className="content"
  />
</div>
`;
