// Jest Snapshot v1, https://goo.gl/fbAQLP

exports[`should display correct tooltip details 1`] = `
<div
  className="nodeTooltip"
>
  <div
    className="tooltipTitle"
  >
    <b>
      nodeName
       :
    </b>
     
    Total Instances
     
  </div>
  <p
    className="description"
  >
    20 instances took 130% longer than average.
  </p>
  <ForwardRef(Button)
    onClick={[Function]}
  >
    View Details
  </ForwardRef(Button)>
</div>
`;
