// Jest Snapshot v1, https://goo.gl/fbAQLP

exports[`should render sub navigation 1`] = `
<div
  className="Analysis"
>
  <SubNav>
    <SubNavItem
      active={
        Array [
          "/analysis",
          "/analysis/taskAnalysis",
        ]
      }
      linksTo="/analysis/taskAnalysis"
      name="Task Analysis"
    />
    <SubNavItem
      active={
        Array [
          "/analysis/branchAnalysis",
        ]
      }
      linksTo="/analysis/branchAnalysis"
      name="Branch analysis"
    />
  </SubNav>
  <Switch>
    <Route
      component={[Function]}
      exact={true}
      path="/analysis/"
    />
    <Route
      component={[Function]}
      path="/analysis/branchAnalysis"
    />
    <Route
      component={[Function]}
      path="/analysis/taskAnalysis"
    />
    <Route
      component={[Function]}
      path="*"
    />
  </Switch>
</div>
`;
