// Jest Snapshot v1, https://goo.gl/fbAQLP

exports[`show display a definition selection and an info message 1`] = `
<div
  className="OutlierControlPanel"
>
  <ul
    className="list"
  >
    <li
      className="item"
    >
      <withRouter(DefinitionSelectionErrorHandler)
        definitionKey="aKey"
        infoMessage="Note: The task analysis is performed on completed flow nodes only"
        onChange={[Function]}
        tenants={Array []}
        type="process"
        versions={
          Array [
            "aVersion",
          ]
        }
        xml="aFooXml"
      />
    </li>
    <li
      className="item"
    >
      Heatmap displays the incidence of higher outliers based on duration. Calculated by z-score.
      <Tooltip
        align="bottom"
        className="zScoreTooltip"
        description="Outliers are calculated based on z-score. Z-score is a statistical measurement that describes a value's relationship to the mean of a group of values. Z-score is measured in terms of standard deviations from the mean."
      >
        <button>
          <ForwardRef(Information) />
        </button>
      </Tooltip>
    </li>
    <li
      className="item itemFilter"
    >
      <Filter
        data={Array []}
        definitions={
          Array [
            Object {
              "displayName": "aKey",
              "identifier": "definition",
              "key": "aKey",
              "name": "aKey",
              "tenantIds": Array [],
              "versions": Array [
                "aVersion",
              ],
            },
          ]
        }
        filterLevel="instance"
        onChange={[Function]}
        variables={Array []}
      />
    </li>
  </ul>
</div>
`;
