// Jest Snapshot v1, https://goo.gl/fbAQLP

exports[`should show a note if more than one version is selected 1`] = `
<FormLabel>
  Note: data from the older versions can deviate, therefore the report data can be inconsistent
</FormLabel>
`;

exports[`should show an info message to add sources 1`] = `
<div
  className="info"
>
  <FormLabel>
    To enable selection, data sources must be added to the collection.
  </FormLabel>
</div>
`;
