// Jest Snapshot v1, https://goo.gl/fbAQLP

exports[`DiagramControls should render diagram controls 1`] = `
<styled.div>
  <Styled(Styled(Button))
    onClick={[MockFunction]}
  >
    <ReactComponent />
  </Styled(Styled(Button))>
  <Styled(Styled(Button))
    onClick={[MockFunction]}
  >
    <ReactComponent />
  </Styled(Styled(Button))>
  <Styled(Styled(Button))
    onClick={[MockFunction]}
  >
    <ReactComponent />
  </Styled(Styled(Button))>
</styled.div>
`;
