// Jest Snapshot v1, https://goo.gl/fbAQLP

exports[`DiagramControls should render diagram controls 1`] = `
<styled.div>
  <Styled(Styled(Component))
    onClick={[MockFunction]}
  >
    <ForwardRef(SvgDiagramReset) />
  </Styled(Styled(Component))>
  <Styled(Styled(Component))
    onClick={[MockFunction]}
  >
    <ForwardRef(SvgPlus) />
  </Styled(Styled(Component))>
  <Styled(Styled(Component))
    onClick={[MockFunction]}
  >
    <ForwardRef(SvgMinus) />
  </Styled(Styled(Component))>
</styled.div>
`;
