// Jest Snapshot v1, https://goo.gl/fbAQLP

exports[`show match snapshot 1`] = `
<div
  className="HelpMenu"
>
  <Dropdown
    className="helpDropdown"
    label={
      <React.Fragment>
        <Icon
          type="question-mark"
        />
        Help
      </React.Fragment>
    }
  >
    <ForwardRef(DropdownOption)
      onClick={[Function]}
    >
      What’s New
    </ForwardRef(DropdownOption)>
    <ForwardRef(DropdownOption)
      onClick={[Function]}
    >
      User Guide
    </ForwardRef(DropdownOption)>
  </Dropdown>
  <Modal
    className="ChangeLogModal"
    onClose={[Function]}
    open={true}
  >
    <Component>
      What's New in Optimize
       
    </Component>
    <Component>
      <reactMarkdown>
        #hello world
      </reactMarkdown>
    </Component>
    <Component>
      <ForwardRef(Button)
        className="close"
        main={true}
        onClick={[Function]}
      >
        Close
      </ForwardRef(Button)>
    </Component>
  </Modal>
</div>
`;
