// Jest Snapshot v1, https://goo.gl/fbAQLP

exports[`CodeModal should prettify content when initially rendered 1`] = `"<code contenteditable=\\"true\\"><p classname=\\"code-line\\">SomeString</p></code>"`;

exports[`CodeModal should prettify content when initially rendered 2`] = `"<code contenteditable=\\"true\\"><p classname=\\"code-line\\">{</p><p classname=\\"code-line\\">  \\"firstname\\": \\"Max\\",</p><p classname=\\"code-line\\">  \\"lastname\\": \\"Muster\\",</p><p classname=\\"code-line\\">  \\"age\\": 31</p><p classname=\\"code-line\\">}</p></code>"`;

exports[`CodeModal should prettify content when initially rendered 3`] = `"<code contenteditable=\\"true\\"><p classname=\\"code-line\\">SomeString</p></code>"`;

exports[`CodeModal should prettify content when initially rendered 4`] = `"<code contenteditable=\\"true\\"><p classname=\\"code-line\\">\\"firstname\\":\\"Bro\\",\\"lastname\\":\\"Ken\\",\\"age\\":31}</p></code>"`;

exports[`CodeModal should prettify content when initially rendered 5`] = `"<code contenteditable=\\"true\\"><p classname=\\"code-line\\"></p></code>"`;
