// Jest Snapshot v1, https://goo.gl/fbAQLP

exports[`should match snapshot 1`] = `
<Modal
  className="EditUserModal"
  onClose={[MockFunction]}
  onConfirm={[Function]}
  open={true}
>
  <ForwardRef(ModalHeader)
    buttonOnClick={[Function]}
    closeModal={[Function]}
    iconDescription="Close"
  >
    Edit User
  </ForwardRef(ModalHeader)>
  <ForwardRef>
    <Form>
      User role
      <FormGroup>
        <ForwardRef(LabeledInput)
          checked={false}
          label={
            <React.Fragment>
              <h2>
                Viewer
              </h2>
              <p>
                Read-only access to all objects
              </p>
            </React.Fragment>
          }
          onChange={[Function]}
          type="radio"
        />
        <ForwardRef(LabeledInput)
          checked={true}
          label={
            <React.Fragment>
              <h2>
                Editor
              </h2>
              <p>
                Create, edit and delete Dashboards, Reports and Alerts
              </p>
            </React.Fragment>
          }
          onChange={[Function]}
          type="radio"
        />
        <ForwardRef(LabeledInput)
          checked={false}
          label={
            <React.Fragment>
              <h2>
                Manager
              </h2>
              <p>
                Full rights editing Collection and Users
              </p>
            </React.Fragment>
          }
          onChange={[Function]}
          type="radio"
        />
      </FormGroup>
    </Form>
  </ForwardRef>
  <ForwardRef(ModalFooter)
    closeModal={[Function]}
    onRequestClose={[Function]}
    onRequestSubmit={[Function]}
  >
    <Button
      className="cancel"
      kind="secondary"
      onClick={[MockFunction]}
    >
      Cancel
    </Button>
    <Button
      className="confirm"
      onClick={[Function]}
    >
      Apply
    </Button>
  </ForwardRef(ModalFooter)>
</Modal>
`;
