// Jest Snapshot v1, https://goo.gl/fbAQLP

exports[`should match snapshot 1`] = `
<Fragment>
  <FormGroup
    className="moveSection"
  >
    <Switch
      checked={true}
      label="Move copy to …"
      onChange={[Function]}
    />
  </FormGroup>
  <FormGroup
    noSpacing={true}
  >
    <Typeahead
      noValuesMessage="No collections have been created"
      onChange={[Function]}
      onClose={[Function]}
      onOpen={[Function]}
      onSearch={[Function]}
      placeholder="Please select"
    >
      <ForwardRef(DropdownOption)
        key="null"
        value={null}
      >
        Collections
      </ForwardRef(DropdownOption)>
      <ForwardRef(DropdownOption)
        key="anotherCollection"
        value="anotherCollection"
      >
        Another Collection
      </ForwardRef(DropdownOption)>
    </Typeahead>
  </FormGroup>
  <FormGroup>
    This Dashboard contains 2 Reports. They will be copied, too.
  </FormGroup>
</Fragment>
`;
