// Jest Snapshot v1, https://goo.gl/fbAQLP

exports[`should include the selected parameters in the link state when creating a report 1`] = `
Object {
  "pathname": "report/new/edit",
  "state": Object {
    "data": Object {
      "configuration": Object {
        "xLabel": "Flow Nodes",
        "xml": "processXML",
        "yLabel": "Flow Node Count",
      },
      "groupBy": Object {
        "type": "flowNodes",
        "value": null,
      },
      "processDefinitionKey": "processDefinition",
      "processDefinitionName": "Process Definition Name",
      "processDefinitionVersions": Array [
        "1",
      ],
      "tenantIds": Array [
        null,
      ],
      "view": Object {
        "entity": "flowNode",
        "property": "frequency",
      },
      "visualization": "heat",
    },
    "name": "Template Report Name",
  },
}
`;
