// Jest Snapshot v1, https://goo.gl/fbAQLP

exports[`should match snapshot 1`] = `
<Fragment>
  <FormGroup>
    <Labeled
      label="Tenants"
    >
      <Typeahead
        disabled={false}
        noValuesMessage="No results found"
        onChange={[Function]}
        onClose={[Function]}
        onOpen={[Function]}
        onSearch={[Function]}
        placeholder="Select..."
      >
        <ForwardRef(DropdownOption)
          key="null"
          value={null}
        >
          Not defined
        </ForwardRef(DropdownOption)>
        <ForwardRef(DropdownOption)
          key="csm"
          value="csm"
        >
          csm
        </ForwardRef(DropdownOption)>
      </Typeahead>
    </Labeled>
  </FormGroup>
</Fragment>
`;
