// Jest Snapshot v1, https://goo.gl/fbAQLP

exports[`should render a Dashboard Report for every Report in the props 1`] = `
<WidthProvider
  breakpoints={
    Object {
      "all": 0,
    }
  }
  className="DashboardRenderer"
  cols={
    Object {
      "all": 18,
    }
  }
  isDraggable={false}
  isResizable={false}
  measureBeforeMount={true}
  onDragStart={[Function]}
  onResizeStart={[Function]}
  rowHeight={94}
  style={Object {}}
>
  <div
    className="grid-entry"
    data-grid={
      Object {
        "h": 1,
        "minH": 2,
        "minW": 2,
        "w": 3,
        "x": 0,
        "y": 0,
      }
    }
    key="0_1"
  >
    <DashboardReport
      filter={Array []}
      report={
        Object {
          "dimensions": Object {
            "height": 1,
            "width": 3,
          },
          "id": "1",
          "position": Object {
            "x": 0,
            "y": 0,
          },
        }
      }
    />
  </div>
  <div
    className="grid-entry"
    data-grid={
      Object {
        "h": 4,
        "minH": 2,
        "minW": 2,
        "w": 1,
        "x": 2,
        "y": 0,
      }
    }
    key="1_2"
  >
    <DashboardReport
      filter={Array []}
      report={
        Object {
          "dimensions": Object {
            "height": 4,
            "width": 1,
          },
          "id": "2",
          "position": Object {
            "x": 2,
            "y": 0,
          },
        }
      }
    />
  </div>
  <div
    className="grid-entry"
    data-grid={
      Object {
        "h": 2,
        "minH": 2,
        "minW": 2,
        "w": 2,
        "x": 3,
        "y": 1,
      }
    }
    key="2_3"
  >
    <DashboardReport
      filter={Array []}
      report={
        Object {
          "dimensions": Object {
            "height": 2,
            "width": 2,
          },
          "id": "3",
          "position": Object {
            "x": 3,
            "y": 1,
          },
        }
      }
    />
  </div>
</WidthProvider>
`;
