// Jest Snapshot v1, https://goo.gl/fbAQLP

exports[`should render a unit selection for Date variables 1`] = `
<fieldset
  className="DateVariableUnit"
>
  <legend>
    Date Grouping
  </legend>
  <Select
    onChange={[Function]}
    value="automatic"
  >
    <Option
      value="automatic"
    >
      Automatic
    </Option>
    <Option
      value="hour"
    >
      Hour
    </Option>
    <Option
      value="day"
    >
      Day
    </Option>
    <Option
      value="week"
    >
      Week
    </Option>
    <Option
      value="month"
    >
      Month
    </Option>
    <Option
      value="year"
    >
      Year
    </Option>
  </Select>
</fieldset>
`;

exports[`should render nothing if the current variable is not Date 1`] = `""`;
