// Jest Snapshot v1, https://goo.gl/fbAQLP

exports[`should have a Dropdown with more creation options 1`] = `
<Dropdown
  label={
    <Icon
      type="down"
    />
  }
>
  <ForwardRef(DropdownOption)
    onClick={[MockFunction]}
  >
    Create BPMN Report
  </ForwardRef(DropdownOption)>
  <ForwardRef(DropdownOption)>
    Create Combined BPMN Report
  </ForwardRef(DropdownOption)>
  <ForwardRef(DropdownOption)>
    Create DMN Report
  </ForwardRef(DropdownOption)>
</Dropdown>
`;
