// Jest Snapshot v1, https://goo.gl/fbAQLP

exports[`should have a Dropdown with more creation options 1`] = `
<Dropdown
  label={
    <Icon
      type="down"
    />
  }
>
  <ForwardRef(DropdownOption)
    link="/report/new/edit"
  >
    Create Process Report
  </ForwardRef(DropdownOption)>
  <ForwardRef(DropdownOption)
    link="/report/new-combined/edit"
  >
    Create Combined Process Report
  </ForwardRef(DropdownOption)>
  <ForwardRef(DropdownOption)
    link="/report/new-decision/edit"
  >
    Create Decision Report
  </ForwardRef(DropdownOption)>
</Dropdown>
`;
