// Jest Snapshot v1, https://goo.gl/fbAQLP

exports[`should not render anything when no entity is set 1`] = `""`;

exports[`should show the copy modal when entity is set 1`] = `
<CopyModal
  collection={null}
  entity={
    Object {
      "entityType": "report",
      "id": "entityId",
    }
  }
  jumpToEntity={true}
  onConfirm={[Function]}
/>
`;
