// Jest Snapshot v1, https://goo.gl/fbAQLP

exports[`should hide edit and tenants in source items if there are not tenants available 1`] = `
Object {
  "actions": Array [
    Object {
      "action": [Function],
      "icon": "delete",
      "text": "Remove",
    },
  ],
  "className": "decision",
  "entityType": "process",
  "icon": "data-source",
  "id": "decision:defKey2",
  "meta": Array [
    false,
  ],
  "name": "decision report",
  "type": "Decision Table",
}
`;

exports[`should match snapshot 1`] = `
<div
  className="SourcesList"
>
  <EntityList
    action={[Function]}
    bulkActions={
      Array [
        <BulkDeleterErrorHandler
          checkConflicts={[Function]}
          conflictMessage="Removing Data Sources deletes all associated Reports and their Alerts."
          deleteEntities={[Function]}
          type="remove"
        />,
      ]
    }
    columns={
      Array [
        "Definition Name",
        "Tenants",
      ]
    }
    data={
      Array [
        Object {
          "actions": Array [
            Object {
              "action": [Function],
              "icon": "edit",
              "text": "Edit",
            },
          ],
          "className": "process",
          "entityType": "process",
          "icon": "data-source",
          "id": "process:defKey",
          "meta": Array [
            "Not defined, Sales, (Unauthorized Tenant)",
          ],
          "name": "definition name",
          "type": "Process",
        },
        Object {
          "actions": Array [
            Object {
              "action": [Function],
              "icon": "edit",
              "text": "Edit",
            },
            Object {
              "action": [Function],
              "icon": "delete",
              "text": "Remove",
            },
          ],
          "className": "decision",
          "entityType": "process",
          "icon": "data-source",
          "id": "decision:defKey2",
          "meta": Array [
            "Not defined, Marketing",
          ],
          "name": "decision report",
          "type": "Decision Table",
        },
      ]
    }
    empty={
      <React.Fragment>
        There are no sources added yet
      </React.Fragment>
    }
    isLoading={false}
    name="Data Sources"
    onChange={[Function]}
  />
  <DeleterErrorHandler
    checkConflicts={[Function]}
    deleteEntity={[Function]}
    deleteText="Remove Data Source"
    descriptionText="The '' Data Source will be removed from the Collection."
    entity={null}
    getName={[Function]}
    onClose={[Function]}
    onDelete={[Function]}
    type="source"
  />
  <Modal
    className="saveModal"
    onClose={[Function]}
    open={null}
  >
    <ForwardRef(ModalHeader)
      buttonOnClick={[Function]}
      closeModal={[Function]}
      iconDescription="Close"
    >
      Destructive Changes
    </ForwardRef(ModalHeader)>
    <ForwardRef />
    <ForwardRef(ModalFooter)
      closeModal={[Function]}
      onRequestClose={[Function]}
      onRequestSubmit={[Function]}
    >
      <Button
        className="close"
        disabled={false}
        kind="secondary"
        onClick={[Function]}
      >
        Don't Save
      </Button>
      <Button
        className="confirm"
        disabled={false}
        onClick={[Function]}
      >
        Save Changes
      </Button>
    </ForwardRef(ModalFooter)>
  </Modal>
</div>
`;
