// Jest Snapshot v1, https://goo.gl/fbAQLP

exports[`should match snapshot 1`] = `
<div
  className="UserList"
>
  <EntityList
    action={[Function]}
    bulkActions={
      Array [
        <BulkDeleterErrorHandler
          deleteEntities={[Function]}
          type="remove"
        />,
      ]
    }
    columns={
      Array [
        "Name",
        "Members",
        "Role",
      ]
    }
    data={
      Array [
        Object {
          "actions": Array [
            Object {
              "action": [Function],
              "icon": "edit",
              "text": "Edit",
            },
            Object {
              "action": [Function],
              "icon": "delete",
              "text": "Remove",
            },
          ],
          "className": "user",
          "entityType": "user",
          "icon": "user",
          "id": "USER:kermit",
          "meta": Array [
            false,
            "Manager",
          ],
          "name": "kermit",
          "type": "User",
        },
        Object {
          "actions": Array [
            Object {
              "action": [Function],
              "icon": "edit",
              "text": "Edit",
            },
            Object {
              "action": [Function],
              "icon": "delete",
              "text": "Remove",
            },
          ],
          "className": "group",
          "entityType": "user",
          "icon": "user-group",
          "id": "GROUP:sales",
          "meta": Array [
            "2 Users",
            "Manager",
          ],
          "name": "sales",
          "type": "User group",
        },
      ]
    }
    empty="No results found"
    isLoading={false}
    name="Users and user groups"
    onChange={[Function]}
  />
  <DeleterErrorHandler
    deleteEntity={[Function]}
    descriptionText="The '' null will be removed from the collection."
    onClose={[Function]}
    onDelete={[Function]}
  />
  <AddUserModal
    existingUsers={
      Array [
        Object {
          "id": "USER:kermit",
          "identity": Object {
            "id": "kermit",
            "type": "user",
          },
          "role": "manager",
        },
        Object {
          "id": "GROUP:sales",
          "identity": Object {
            "id": "sales",
            "memberCount": 2,
            "type": "group",
          },
          "role": "manager",
        },
      ]
    }
    onClose={[Function]}
    onConfirm={[Function]}
    open={false}
    optimizeProfile="platform"
  />
</div>
`;
