// Jest Snapshot v1, https://goo.gl/fbAQLP

exports[`matches the snapshot 1`] = `
<Fragment>
  <Dropdown
    className="UserMenu"
    label="userName"
  >
    <ForwardRef(DropdownOption)
      key="telemetry"
      onClick={[Function]}
    >
      Telemetry Settings
    </ForwardRef(DropdownOption)>
    <hr
      key="seperator"
    />
    <ForwardRef(DropdownOption)
      key="logout"
      onClick={[Function]}
    >
      Logout
    </ForwardRef(DropdownOption)>
  </Dropdown>
</Fragment>
`;
