// Jest Snapshot v1, https://goo.gl/fbAQLP

exports[`should match snapshot 1`] = `
<div
  className="UncontrolledMultiValueInput"
  onClick={[Function]}
>
  <ForwardRef(Input)
    autoComplete="none"
  />
  <span
    className="sizer"
  />
  <Tooltip
    content="1234 label"
    key="0"
    overflowOnly={true}
  >
    <Tag
      invalid={false}
      onRemove={[Function]}
    >
      1234 label
    </Tag>
  </Tooltip>
  <Tooltip
    content="errorValue"
    key="1"
    overflowOnly={true}
  >
    <Tag
      invalid={true}
      onRemove={[Function]}
    >
      errorValue
    </Tag>
  </Tooltip>
  <button
    className="searchClear"
    onKeyDown={[Function]}
    onMouseDown={[Function]}
  >
    <Icon
      type="clear"
    />
  </button>
</div>
`;
