// Jest Snapshot v1, https://goo.gl/fbAQLP

exports[`should match snapshot 1`] = `
<div
  className="EntityList"
  onScroll={[Function]}
>
  <div
    className="header"
  >
    <div
      className="titleBar"
    >
      <h1>
        EntityList Name
      </h1>
      <SearchField
        onChange={[Function]}
        value=""
      />
      <div
        className="action"
      >
        <button>
          Click Me
        </button>
      </div>
    </div>
  </div>
  <div
    className="content"
  >
    <ul>
      <ListItem
        data={
          Object {
            "actions": Array [
              Object {
                "action": [MockFunction],
                "icon": "edit",
                "text": "Edit",
              },
            ],
            "icon": "iconType",
            "meta": Array [
              "Some info",
              "Some additional info",
              "Some other info",
            ],
            "name": "aCollectionName",
            "type": "Collection",
          }
        }
        hasWarning={false}
        key="0"
        singleAction={true}
      />
      <ListItem
        data={
          Object {
            "icon": "iconType",
            "meta": Array [
              "Some info",
              "Some additional info",
              "Some other info",
            ],
            "name": "aDashboard",
            "type": "Dashboard",
          }
        }
        hasWarning={false}
        key="1"
        singleAction={true}
      />
      <ListItem
        data={
          Object {
            "icon": "iconType",
            "link": "link/to/somewhere",
            "meta": Array [
              "Some info",
              "Some additional info",
              "Some other info",
            ],
            "name": "aReport",
            "type": "Report",
          }
        }
        hasWarning={false}
        key="2"
        singleAction={true}
      />
    </ul>
    <div>
      Some additional Content
    </div>
  </div>
</div>
`;

exports[`should show a column header if specified 1`] = `
<div
  className="columnHeaders"
>
  <div
    className="name"
    key="0"
    title="Name"
  >
    Name
  </div>
  <div
    className="meta"
    key="1"
    title="Meta 1"
  >
    Meta 1
  </div>
  <div
    className="meta"
    key="2"
    title="Meta 2"
  >
    Meta 2
  </div>
  <div
    className="meta"
    key="3"
    title="Meta 3"
  >
    Meta 3
  </div>
</div>
`;
