// Jest Snapshot v1, https://goo.gl/fbAQLP

exports[`should match snapshot 1`] = `
<li
  className="ListItem"
>
  <ForwardRef(Input)
    type="checkbox"
  />
  <Link
    to="/report/1"
  >
    <Icon
      type="process"
    />
    <div
      className="name"
    >
      <span
        className="type"
      >
        Item Type
      </span>
      <Tooltip
        content="Test List Entry"
        overflowOnly={true}
      >
        <span
          className="entity"
        >
          Test List Entry
        </span>
      </Tooltip>
    </div>
    <Tooltip
      content="Column 1"
      key="0"
      overflowOnly={true}
    >
      <div
        className="meta"
      >
        Column 1
      </div>
    </Tooltip>
    <Tooltip
      content="Column 2"
      key="1"
      overflowOnly={true}
    >
      <div
        className="meta"
      >
        Column 2
      </div>
    </Tooltip>
    <div
      className="warning"
    >
      <Tooltip
        content="Warning Text"
        delay={0}
        theme="dark"
      >
        <Icon
          size="18"
          type="error"
        />
      </Tooltip>
    </div>
    <ListItemAction
      actions={
        Array [
          Object {
            "action": [MockFunction],
            "icon": "delete",
            "text": "Delete Entry",
          },
        ]
      }
    />
  </Link>
</li>
`;
