// Jest Snapshot v1, https://goo.gl/fbAQLP

exports[`should match snapshot 1`] = `
<li
  className="ListItem"
>
  <Link
    to="/report/1"
  >
     
    <ForwardRef(Input)
      type="checkbox"
    />
    <Icon
      type="process"
    />
    <div
      className="name"
    >
      <span
        className="type"
      >
        Item Type
      </span>
      <span
        className="entity"
        title="Test List Entry"
      >
        Test List Entry
      </span>
    </div>
    <div
      className="meta"
      key="0"
    >
      Column 1
    </div>
    <div
      className="meta"
      key="1"
    >
      Column 2
    </div>
    <div
      className="warning"
    >
      <Icon
        size="18"
        type="error"
      />
      <div
        className="Tooltip dark"
      >
        <div
          className="Tooltip__text-bottom"
        >
          Warning Text
        </div>
      </div>
    </div>
    <ListItemAction
      actions={
        Array [
          Object {
            "action": [MockFunction],
            "icon": "delete",
            "text": "Delete Entry",
          },
        ]
      }
    />
  </Link>
</li>
`;
