// Jest Snapshot v1, https://goo.gl/fbAQLP

exports[`should render a Dropdown per default 1`] = `
<Dropdown
  className="ListItemAction"
  icon={true}
  label={
    <Icon
      type="context-menu"
    />
  }
>
  <ForwardRef(DropdownOption)
    key="0"
    onClick={[Function]}
  >
    <Icon
      type="delete"
    />
     
    Delete
  </ForwardRef(DropdownOption)>
</Dropdown>
`;

exports[`should render a placeholder when no actions are provided 1`] = `
<div
  className="ListItemAction"
/>
`;

exports[`should render a single button if there is only a single Action in the EntityList 1`] = `
<Tooltip
  align="right"
  content="Delete"
>
  <ForwardRef(Button)
    className="ListItemAction"
    icon={true}
    onClick={[Function]}
  >
    <Icon
      type="delete"
    />
  </ForwardRef(Button)>
</Tooltip>
`;
