// Jest Snapshot v1, https://goo.gl/fbAQLP

exports[`should provde a sane interface for decision tables 1`] = `
<fieldset
  className="ColumnSelection"
>
  <legend>
    Table columns to include
  </legend>
  <AllColumnsButtons
    disableAll={[Function]}
    enableAll={[Function]}
  />
  <Switch
    checked={true}
    className="ColumnSelectionSwitch"
    key="decisionDefinitionId"
    label={
      <React.Fragment>
        <b>
          
        </b>
        Decision Definition Id
      </React.Fragment>
    }
    onChange={[Function]}
  />
  <Switch
    checked={true}
    className="ColumnSelectionSwitch"
    key="decisionDefinitionKey"
    label={
      <React.Fragment>
        <b>
          
        </b>
        Decision Definition Key
      </React.Fragment>
    }
    onChange={[Function]}
  />
  <Switch
    checked={true}
    className="ColumnSelectionSwitch"
    key="inp__crypticId"
    label={
      <React.Fragment>
        <b>
          Input Variable: 
        </b>
        Cool Name
      </React.Fragment>
    }
    onChange={[Function]}
  />
  <Switch
    checked={true}
    className="ColumnSelectionSwitch"
    key="out__clause7"
    label={
      <React.Fragment>
        <b>
          Output Variable: 
        </b>
        Klaus Seven
      </React.Fragment>
    }
    onChange={[Function]}
  />
</fieldset>
`;
