// Jest Snapshot v1, https://goo.gl/fbAQLP

exports[`Authentication should redirect to login when check login status failed 1`] = `
<Redirect
  push={true}
  to={
    Object {
      "pathname": "/login",
      "state": Object {
        "referrer": "/some/page",
      },
    }
  }
/>
`;

exports[`Authentication should redirect to login when forceRedirect is true 1`] = `
<Redirect
  push={true}
  to={
    Object {
      "pathname": "/login",
      "state": Object {
        "referrer": "/some/page",
      },
    }
  }
/>
`;

exports[`Authentication should render children by default 1`] = `<Child />`;
