// Jest Snapshot v1, https://goo.gl/fbAQLP

exports[`should should return correct option for line chart with target value 1`] = `
Object {
  "normalLineOptions": Object {
    "backgroundColor": "transparent",
    "borderColor": "testColor",
    "borderWidth": 2,
    "isTarget": false,
    "legendColor": "testColor",
    "renderArea": "top",
  },
  "targetOptions": Object {
    "backgroundColor": "transparent",
    "borderColor": "testColor",
    "borderWidth": 2,
    "datalabels": Object {
      "display": false,
    },
    "isTarget": true,
    "legendColor": "testColor",
    "pointBorderColor": "#A62A31",
    "renderArea": "bottom",
  },
}
`;
