// Jest Snapshot v1, https://goo.gl/fbAQLP

exports[`should render an duration type selection for user task duration reports 1`] = `
<li
  className="UserTaskDurationTime"
>
  <span
    className="label"
  >
    User Task Duration Time
  </span>
  <Select
    className="ReportSelect"
    onChange={[Function]}
    value="total"
  >
    <Option
      value="idle"
    >
      Idle
    </Option>
    <Option
      value="work"
    >
      Work
    </Option>
    <Option
      value="total"
    >
      Total
    </Option>
  </Select>
</li>
`;

exports[`should render nothing if the current result does is no duration or no user task 1`] = `""`;

exports[`should render nothing if the current result does is no duration or no user task 2`] = `""`;
