// Jest Snapshot v1, https://goo.gl/fbAQLP

exports[`StatusItems should match snapshots 1`] = `
<Themed(styled.ul)>
  <Item
    key=".0"
    type="RESOLVE_INCIDENT"
  />
</Themed(styled.ul)>
`;

exports[`StatusItems should match snapshots 2`] = `
<Themed(styled.li)
  type="RESOLVE_INCIDENT"
>
  <Themed(Styled(Component)) />
</Themed(styled.li)>
`;
