// Jest Snapshot v1, https://goo.gl/fbAQLP

exports[`should allow providing a custom icon and empty text 1`] = `
<React.Fragment>
  <customIcon
    className="indicator"
  />
  customText
</React.Fragment>
`;

exports[`should show the filter state 1`] = `
<React.Fragment>
  <ForwardRef(Filter)
    className="indicator active"
  />
  Today
</React.Fragment>
`;
