// Jest Snapshot v1, https://goo.gl/fbAQLP

exports[`List Message should be wrapped correctly 1`] = `
<TBody>
  <Styled(TR)>
    <TD
      colSpan={5}
    >
      <EmptyMessage
        data-test="empty-message-instances-list"
        message="some message"
      />
    </TD>
  </Styled(TR)>
</TBody>
`;
