// Jest Snapshot v1, https://goo.gl/fbAQLP

exports[`show match snapshot 1`] = `
<div
  className="ChangeLog"
>
  <ForwardRef(Button)
    onClick={[Function]}
    variant="link"
  >
    What’s New
  </ForwardRef(Button)>
  <Modal
    className="ChangeLogModal"
    onClose={[Function]}
    open={true}
  >
    <Component>
      What's New in Optimize
       
    </Component>
    <Component>
      <ReactMarkdown
        astPlugins={Array []}
        escapeHtml={true}
        parserOptions={Object {}}
        plugins={Array []}
        rawSourcePos={false}
        renderers={Object {}}
        skipHtml={false}
        source="#hello world"
        sourcePos={false}
        transformLinkUri={[Function]}
      />
    </Component>
    <Component>
      <ForwardRef(Button)
        className="close"
        onClick={[Function]}
      >
        Close
      </ForwardRef(Button)>
    </Component>
  </Modal>
</div>
`;
