# This is a RocksDB option file.
#
# For detailed file format spec, please refer to the example file
# in examples/rocksdb_option_file_example.ini
#

[Version]
  rocksdb_version=10.2.1
  options_file_version=1.1

[DBOptions]
  max_background_flushes=-1
  compaction_readahead_size=2097152
  wal_bytes_per_sync=0
  bytes_per_sync=0
  max_open_files=-1
  stats_history_buffer_size=1048576
  stats_dump_period_sec=600
  stats_persist_period_sec=600
  delete_obsolete_files_period_micros=21600000000
  max_total_wal_size=0
  strict_bytes_per_sync=false
  delayed_write_rate=16777216
  avoid_flush_during_shutdown=false
  writable_file_max_buffer_size=1048576
  max_subcompactions=1
  max_background_compactions=-1
  max_background_jobs=2
  follower_catchup_retry_count=10
  follower_refresh_catchup_period_ms=10000
  enforce_single_del_contracts=true
  file_checksum_gen_factory=FileChecksumGenCrc32cFactory
  follower_catchup_retry_wait_ms=100
  bgerror_resume_retry_interval=1000000
  max_bgerror_resume_count=2147483647
  log_readahead_size=0
  write_identity_file=true
  avoid_unnecessary_blocking_io=false
  background_close_inactive_wals=false
  two_write_queues=false
  allow_ingest_behind=false
  avoid_flush_during_recovery=true
  write_thread_max_yield_usec=100
  write_thread_slow_yield_usec=3
  manual_wal_flush=false
  enable_write_thread_adaptive_yield=true
  wal_recovery_mode=kPointInTimeRecovery
  unordered_write=false
  wal_compression=kNoCompression
  enable_pipelined_write=false
  write_dbid_to_manifest=true
  allow_concurrent_memtable_write=true
  persist_stats_to_disk=false
  max_manifest_file_size=268435456
  WAL_ttl_seconds=0
  WAL_size_limit_MB=0
  prefix_seek_opt_in_only=false
  manifest_preallocation_size=4194304
  log_file_time_to_roll=1800
  keep_log_file_num=2
  db_write_buffer_size=0
  table_cache_numshardbits=6
  max_file_opening_threads=16
  use_adaptive_mutex=false
  use_fsync=false
  skip_stats_update_on_db_open=false
  dump_malloc_stats=false
  verify_sst_unique_id_in_manifest=true
  lowest_used_cache_tier=kNonVolatileBlockTier
  track_and_verify_wals_in_manifest=false
  compaction_verify_record_count=true
  metadata_write_temperature=kUnknown
  best_efforts_recovery=false
  flush_verify_memtable_count=true
  is_fd_close_on_exec=true
  max_write_batch_group_size_bytes=1048576
  db_host_id=__hostname__
  error_if_exists=false
  wal_write_temperature=kUnknown
  info_log_level=INFO_LEVEL
  recycle_log_file_num=0
  enable_thread_tracking=false
  paranoid_checks=true
  track_and_verify_wals=false
  create_missing_column_families=false
  max_log_file_size=0
  create_if_missing=true
  wal_filter=nullptr
  allow_data_in_errors=false
  allow_2pc=false
  use_direct_io_for_flush_and_compaction=false
  skip_checking_sst_file_sizes_on_db_open=false
  use_direct_reads=false
  allow_mmap_writes=false
  allow_mmap_reads=false
  atomic_flush=false
  allow_fallocate=true
  advise_random_on_open=true
  

[CFOptions "default"]
  memtable_op_scan_flush_trigger=0
  compression_opts={checksum=false;max_dict_buffer_bytes=0;enabled=false;max_dict_bytes=0;max_compressed_bytes_per_kb=896;parallel_threads=1;zstd_max_train_bytes=0;level=32767;use_zstd_dict_trainer=true;strategy=0;window_bits=-14;}
  block_protection_bytes_per_key=0
  memtable_protection_bytes_per_key=0
  bottommost_compression=kDisableCompressionOption
  uncache_aggressiveness=0
  sample_for_compression=0
  blob_file_starting_level=0
  blob_compaction_readahead_size=0
  blob_garbage_collection_force_threshold=1.000000
  enable_blob_garbage_collection=false
  blob_compression_type=kNoCompression
  last_level_temperature=kUnknown
  bottommost_compression_opts={checksum=false;max_dict_buffer_bytes=0;enabled=false;max_dict_bytes=0;max_compressed_bytes_per_kb=896;parallel_threads=1;zstd_max_train_bytes=0;level=32767;use_zstd_dict_trainer=true;strategy=0;window_bits=-14;}
  preserve_internal_time_seconds=0
  memtable_max_range_deletions=0
  preclude_last_level_data_seconds=0
  periodic_compaction_seconds=0
  blob_file_size=268435456
  ttl=2592000
  compaction_options_fifo={file_temperature_age_thresholds=;allow_compaction=false;age_for_warm=0;max_table_files_size=1073741824;}
  prefix_extractor=rocksdb.FixedPrefix.8
  compression=kSnappyCompression
  max_bytes_for_level_multiplier_additional=1:1:1:1:1:1:1
  max_bytes_for_level_base=33554432
  prepopulate_blob_cache=kDisable
  memtable_prefix_bloom_size_ratio=0.150000
  compression_per_level=kNoCompression:kNoCompression:kLZ4Compression:kLZ4Compression
  write_buffer_size=50704475
  memtable_huge_page_size=0
  strict_max_successive_merges=false
  max_successive_merges=0
  max_bytes_for_level_multiplier=10.000000
  target_file_size_multiplier=2
  max_write_buffer_number=6
  target_file_size_base=8388608
  level0_stop_writes_trigger=12
  level0_slowdown_writes_trigger=9
  level0_file_num_compaction_trigger=6
  default_write_temperature=kUnknown
  max_compaction_bytes=209715200
  bottommost_file_compaction_delay=0
  memtable_whole_key_filtering=false
  hard_pending_compaction_bytes_limit=274877906944
  min_blob_size=0
  soft_pending_compaction_bytes_limit=68719476736
  paranoid_file_checks=false
  enable_blob_files=false
  compaction_options_universal={allow_trivial_move=false;incremental=false;stop_style=kCompactionStopStyleTotalSize;compression_size_percent=-1;max_read_amp=-1;max_size_amplification_percent=200;max_merge_width=4294967295;min_merge_width=2;size_ratio=1;}
  inplace_update_num_locks=10000
  arena_block_size=1048576
  table_factory=BlockBasedTable
  experimental_mempurge_threshold=0.000000
  disable_auto_compactions=false
  paranoid_memory_checks=false
  blob_garbage_collection_age_cutoff=0.250000
  max_sequential_skip_in_iterations=8
  report_bg_io_stats=false
  merge_operator=nullptr
  compaction_filter_factory=nullptr
  sst_partitioner_factory={id=SstPartitionerFixedPrefixFactory;length=8;}
  memtable_factory=SkipListFactory
  memtable_insert_with_hint_prefix_extractor=nullptr
  comparator=leveldb.BytewiseComparator
  compaction_pri=kOldestSmallestSeqFirst
  bloom_locality=0
  num_levels=4
  min_write_buffer_number_to_merge=3
  compaction_filter=nullptr
  max_write_buffer_size_to_maintain=304226850
  compaction_style=kCompactionStyleLevel
  default_temperature=kUnknown
  disallow_memtable_writes=false
  force_consistency_checks=true
  persist_user_defined_timestamps=true
  optimize_filters_for_hits=false
  level_compaction_dynamic_level_bytes=true
  inplace_update_support=false
  
[TableOptions/BlockBasedTable "default"]
  initial_auto_readahead_size=8192
  max_auto_readahead_size=262144
  pin_top_level_index_and_filter=true
  block_align=false
  prepopulate_block_cache=kDisable
  read_amp_bytes_per_bit=0
  detect_filter_construct_corruption=false
  enable_index_compression=true
  use_delta_encoding=true
  optimize_filters_for_memory=true
  partition_filters=false
  metadata_block_size=4096
  metadata_cache_options={unpartitioned_pinning=kFallback;partition_pinning=kFallback;top_level_index_pinning=kFallback;}
  index_block_restart_interval=1
  block_restart_interval=16
  block_size_deviation=10
  block_size=32768
  verify_compression=false
  format_version=5
  no_block_cache=false
  checksum=kXXH3
  whole_key_filtering=true
  filter_policy=bloomfilter:10:false
  index_shortening=kShortenSeparators
  data_block_hash_table_util_ratio=0.750000
  index_type=kHashSearch
  decouple_partitioned_filters=false
  pin_l0_filter_and_index_blocks_in_cache=true
  num_file_reads_for_auto_readahead=2
  cache_index_and_filter_blocks_with_high_priority=true
  cache_index_and_filter_blocks=true
  data_block_index_type=kDataBlockBinaryAndHash
  flush_block_policy_factory=FlushBlockBySizePolicyFactory
  
