// Jest Snapshot v1, https://goo.gl/fbAQLP

exports[`CollapsablePanel should render an exapnding panel and a collapsing one 1`] = `
<Themed(Styled(withStrippedProps(Component)))
  collapseButton={
    <button
      data-test="collapse-button"
    />
  }
  expandButton={
    <button
      data-test="expand-button"
    />
  }
  isCollapsed={false}
  maxWidth={300}
  onCollapse={[MockFunction]}
  type="filters"
>
  <Styled(Panel)
    isCollapsed={false}
  >
    <button
      data-test="collapse-button"
      onClick={[Function]}
    />
    <div
      data-test="children"
    />
  </Styled(Panel)>
  <Styled(Panel)
    isCollapsed={false}
  >
    <button
      data-test="expand-button"
      onClick={[Function]}
    />
  </Styled(Panel)>
</Themed(Styled(withStrippedProps(Component)))>
`;
