// Jest Snapshot v1, https://goo.gl/fbAQLP

exports[`EmptyIncidents should display a success message 1`] = `
<Themed(styled.div)>
  <Styled(ReactComponent) />
  <Themed(styled.span)
    type="success"
  >
    someLabel
  </Themed(styled.span)>
</Themed(styled.div)>
`;

exports[`EmptyIncidents should display a warning message 1`] = `
<Themed(styled.div)>
  <Styled(ReactComponent) />
  <Themed(styled.span)
    type="success"
  >
    someLabel
  </Themed(styled.span)>
</Themed(styled.div)>
`;
